Component: ARM Compiler 5.06 update 4 (build 422) Tool: armlink [4d35d2]

==============================================================================

Section Cross References

    uart1.o(i.SendMsgToUart1) refers to os.o(i.OS_MQSend) for OS_MQSend
    uart1.o(i.TASK_INIT_Uart1) refers to usart.o(i.uart1_init) for uart1_init
    uart1.o(i.TASK_INIT_Uart1) refers to cychdr.o(i.enableCycleEvent) for enableCycleEvent
    uart1.o(i.TASK_INIT_Uart1) refers to usart.o(i.Uart1_RxIntHandle) for Uart1_RxIntHandle
    uart1.o(i.TASK_INIT_Uart1) refers to usart.o(i.Uart1_TxIntHandle) for Uart1_TxIntHandle
    uart1.o(i.TASK_MAIN_Uart1) refers to os.o(i.EvtGroupsWaitBits) for EvtGroupsWaitBits
    uart1.o(i.TASK_MAIN_Uart1) refers to uart1.o(i.TASK_MSG_HANDLE_Uart1) for TASK_MSG_HANDLE_Uart1
    uart1.o(i.TASK_MAIN_Uart1) refers to usart.o(i.USART1_ManageProc) for USART1_ManageProc
    uart1.o(i.TASK_MSG_HANDLE_Uart1) refers to tasks.o(i.xTaskGetCurrentTaskHandle) for xTaskGetCurrentTaskHandle
    uart1.o(i.TASK_MSG_HANDLE_Uart1) refers to os.o(i.OS_ReceiveMailbox) for OS_ReceiveMailbox
    uart1.o(i.TASK_MSG_HANDLE_Uart1) refers to os.o(i.OS_FreeMailBoxMemory) for OS_FreeMailBoxMemory
    uart1.o(i.TASK_MSG_HANDLE_Uart1) refers to resourceconfig.o(.bss) for TaskList
    uart1.o(i.TASK_Uart1) refers to uart1.o(i.TASK_INIT_Uart1) for TASK_INIT_Uart1
    uart1.o(i.TASK_Uart1) refers to uart1.o(i.TASK_MAIN_Uart1) for TASK_MAIN_Uart1
    key.o(i.Key_ManageProc) refers to gpio.o(i.GPIO_Read) for GPIO_Read
    key.o(i.Key_ManageProc) refers to led.o(i.SendMsgToLed) for SendMsgToLed
    key.o(i.SendMsgToKey) refers to os.o(i.OS_MQSend) for OS_MQSend
    key.o(i.TASK_INIT_Key) refers to cychdr.o(i.enableCycleEvent) for enableCycleEvent
    key.o(i.TASK_Key) refers to cychdr.o(i.enableCycleEvent) for enableCycleEvent
    key.o(i.TASK_Key) refers to key.o(i.TASK_MAIN_Key) for TASK_MAIN_Key
    key.o(i.TASK_MAIN_Key) refers to os.o(i.EvtGroupsWaitBits) for EvtGroupsWaitBits
    key.o(i.TASK_MAIN_Key) refers to key.o(i.TASK_MSG_HANDLE_Key) for TASK_MSG_HANDLE_Key
    key.o(i.TASK_MAIN_Key) refers to key.o(i.Key_ManageProc) for Key_ManageProc
    key.o(i.TASK_MSG_HANDLE_Key) refers to tasks.o(i.xTaskGetCurrentTaskHandle) for xTaskGetCurrentTaskHandle
    key.o(i.TASK_MSG_HANDLE_Key) refers to os.o(i.OS_ReceiveMailbox) for OS_ReceiveMailbox
    key.o(i.TASK_MSG_HANDLE_Key) refers to os.o(i.OS_FreeMailBoxMemory) for OS_FreeMailBoxMemory
    key.o(i.TASK_MSG_HANDLE_Key) refers to resourceconfig.o(.bss) for TaskList
    led.o(i.SendMsgToLed) refers to os.o(i.OS_MQSend) for OS_MQSend
    led.o(i.Set_Led0) refers to gpio.o(i.GPIO_Write) for GPIO_Write
    led.o(i.TASK_INIT_Led) refers to led.o(i.Set_Led0) for Set_Led0
    led.o(i.TASK_INIT_Led) refers to gpio.o(i.GPIO_Write) for GPIO_Write
    led.o(i.TASK_Led) refers to led.o(i.TASK_INIT_Led) for TASK_INIT_Led
    led.o(i.TASK_Led) refers to led.o(i.TASK_MAIN_Led) for TASK_MAIN_Led
    led.o(i.TASK_MAIN_Led) refers to os.o(i.EvtGroupsWaitBits) for EvtGroupsWaitBits
    led.o(i.TASK_MAIN_Led) refers to led.o(i.TASK_MSG_HANDLE_Led) for TASK_MSG_HANDLE_Led
    led.o(i.TASK_MSG_HANDLE_Led) refers to tasks.o(i.xTaskGetCurrentTaskHandle) for xTaskGetCurrentTaskHandle
    led.o(i.TASK_MSG_HANDLE_Led) refers to os.o(i.OS_ReceiveMailbox) for OS_ReceiveMailbox
    led.o(i.TASK_MSG_HANDLE_Led) refers to led.o(i.Set_Led0) for Set_Led0
    led.o(i.TASK_MSG_HANDLE_Led) refers to os.o(i.OS_FreeMailBoxMemory) for OS_FreeMailBoxMemory
    led.o(i.TASK_MSG_HANDLE_Led) refers to resourceconfig.o(.bss) for TaskList
    lcd.o(i.SendMsgToLcd) refers to os.o(i.OS_MQSend) for OS_MQSend
    lcd.o(i.TASK_INIT_Lcd) refers to cychdr.o(i.enableCycleEvent) for enableCycleEvent
    lcd.o(i.TASK_Lcd) refers to cychdr.o(i.enableCycleEvent) for enableCycleEvent
    lcd.o(i.TASK_Lcd) refers to lcd.o(i.TASK_MAIN_Lcd) for TASK_MAIN_Lcd
    lcd.o(i.TASK_MAIN_Lcd) refers to os.o(i.EvtGroupsWaitBits) for EvtGroupsWaitBits
    lcd.o(i.TASK_MAIN_Lcd) refers to lcd.o(i.TASK_MSG_HANDLE_Lcd) for TASK_MSG_HANDLE_Lcd
    lcd.o(i.TASK_MSG_HANDLE_Lcd) refers to tasks.o(i.xTaskGetCurrentTaskHandle) for xTaskGetCurrentTaskHandle
    lcd.o(i.TASK_MSG_HANDLE_Lcd) refers to os.o(i.OS_ReceiveMailbox) for OS_ReceiveMailbox
    lcd.o(i.TASK_MSG_HANDLE_Lcd) refers to os.o(i.OS_FreeMailBoxMemory) for OS_FreeMailBoxMemory
    lcd.o(i.TASK_MSG_HANDLE_Lcd) refers to resourceconfig.o(.bss) for TaskList
    sys.o(i.SysTick_Handler) refers to tasks.o(i.xTaskGetSchedulerState) for xTaskGetSchedulerState
    sys.o(i.SysTick_Handler) refers to port.o(i.xPortSysTickHandler) for xPortSysTickHandler
    sys.o(i.SysTick_Handler) refers to stm32f4xx_hal.o(i.HAL_IncTick) for HAL_IncTick
    sys.o(i.SystemClock_Init) refers to sys.o(i.Clock_Init) for Clock_Init
    sys.o(i.SystemClock_Init) refers to stm32f4xx_hal_rcc.o(i.HAL_RCC_OscConfig) for HAL_RCC_OscConfig
[...]
    prvInitialiseNewQueue                    0x08002caf   Thumb Code    36  queue.o(i.prvInitialiseNewQueue)
    i.prvInitialiseNewTask                   0x08002cd4   Section        0  tasks.o(i.prvInitialiseNewTask)
    prvInitialiseNewTask                     0x08002cd5   Thumb Code   154  tasks.o(i.prvInitialiseNewTask)
    i.prvInsertBlockIntoFreeList             0x08002d98   Section        0  heap_4.o(i.prvInsertBlockIntoFreeList)
    prvInsertBlockIntoFreeList               0x08002d99   Thumb Code    72  heap_4.o(i.prvInsertBlockIntoFreeList)
    i.prvNotifyQueueSetContainer             0x08002de4   Section        0  queue.o(i.prvNotifyQueueSetContainer)
    prvNotifyQueueSetContainer               0x08002de5   Thumb Code   108  queue.o(i.prvNotifyQueueSetContainer)
    i.prvResetNextTaskUnblockTime            0x08002e78   Section        0  tasks.o(i.prvResetNextTaskUnblockTime)
    prvResetNextTaskUnblockTime              0x08002e79   Thumb Code    26  tasks.o(i.prvResetNextTaskUnblockTime)
    i.prvTaskExitError                       0x08002e98   Section        0  port.o(i.prvTaskExitError)
    prvTaskExitError                         0x08002e99   Thumb Code    36  port.o(i.prvTaskExitError)
    i.prvUnlockQueue                         0x08002efc   Section        0  queue.o(i.prvUnlockQueue)
    prvUnlockQueue                           0x08002efd   Thumb Code   120  queue.o(i.prvUnlockQueue)
    i.pvPortMalloc                           0x08002f74   Section        0  heap_4.o(i.pvPortMalloc)
    i.pxPortInitialiseStack                  0x08003088   Section        0  port.o(i.pxPortInitialiseStack)
    i.uart1_init                             0x080030b4   Section        0  usart.o(i.uart1_init)
    i.uxListRemove                           0x08003100   Section        0  list.o(i.uxListRemove)
    i.vApplicationGetIdleTaskMemory          0x08003124   Section        0  os.o(i.vApplicationGetIdleTaskMemory)
    i.vApplicationTickHook                   0x08003138   Section        0  cychdr.o(i.vApplicationTickHook)
    i.vListInitialise                        0x08003154   Section        0  list.o(i.vListInitialise)
    i.vListInitialiseItem                    0x0800316a   Section        0  list.o(i.vListInitialiseItem)
    i.vListInsert                            0x08003170   Section        0  list.o(i.vListInsert)
    i.vListInsertEnd                         0x080031a0   Section        0  list.o(i.vListInsertEnd)
    i.vPortEnterCritical                     0x080031b8   Section        0  port.o(i.vPortEnterCritical)
    i.vPortExitCritical                      0x08003230   Section        0  port.o(i.vPortExitCritical)
    i.vPortFree                              0x08003294   Section        0  heap_4.o(i.vPortFree)
    i.vPortSetupTimerInterrupt               0x08003330   Section        0  port.o(i.vPortSetupTimerInterrupt)
    i.vQueueAddToRegistry                    0x08003350   Section        0  queue.o(i.vQueueAddToRegistry)
    i.vTaskMissedYield                       0x08003374   Section        0  tasks.o(i.vTaskMissedYield)
    i.vTaskPlaceOnEventList                  0x08003380   Section        0  tasks.o(i.vTaskPlaceOnEventList)
    i.vTaskSetTimeOutState                   0x080033d8   Section        0  tasks.o(i.vTaskSetTimeOutState)
    i.vTaskStartScheduler                    0x08003424   Section        0  tasks.o(i.vTaskStartScheduler)
    i.vTaskSuspendAll                        0x08003490   Section        0  tasks.o(i.vTaskSuspendAll)
    i.vTaskSwitchContext                     0x080034a0   Section        0  tasks.o(i.vTaskSwitchContext)
    i.xPortStartScheduler                    0x08003520   Section        0  port.o(i.xPortStartScheduler)
    i.xPortSysTickHandler                    0x08003634   Section        0  port.o(i.xPortSysTickHandler)
    i.xQueueCreateCountingSemaphoreStatic    0x08003660   Section        0  queue.o(i.xQueueCreateCountingSemaphoreStatic)
    i.xQueueCreateMutexStatic                0x080036c8   Section        0  queue.o(i.xQueueCreateMutexStatic)
    i.xQueueGenericCreateStatic              0x080036e4   Section        0  queue.o(i.xQueueGenericCreateStatic)
    i.xQueueGenericReset                     0x08003770   Section        0  queue.o(i.xQueueGenericReset)
    i.xQueueGenericSend                      0x0800381c   Section        0  queue.o(i.xQueueGenericSend)
    i.xTaskCheckForTimeOut                   0x080039a8   Section        0  tasks.o(i.xTaskCheckForTimeOut)
    i.xTaskCreateStatic                      0x08003a34   Section        0  tasks.o(i.xTaskCreateStatic)
    i.xTaskGenericNotify                     0x08003ac4   Section        0  tasks.o(i.xTaskGenericNotify)
    i.xTaskGetCurrentTaskHandle              0x08003bb0   Section        0  tasks.o(i.xTaskGetCurrentTaskHandle)
    i.xTaskGetSchedulerState                 0x08003bbc   Section        0  tasks.o(i.xTaskGetSchedulerState)
    i.xTaskIncrementTick                     0x08003bd8   Section        0  tasks.o(i.xTaskIncrementTick)
    i.xTaskNotifyWait                        0x08003cd0   Section        0  tasks.o(i.xTaskNotifyWait)
    i.xTaskPriorityDisinherit                0x08003d5c   Section        0  tasks.o(i.xTaskPriorityDisinherit)
    i.xTaskRemoveFromEventList               0x08003e14   Section        0  tasks.o(i.xTaskRemoveFromEventList)
    i.xTaskResumeAll                         0x08003eb0   Section        0  tasks.o(i.xTaskResumeAll)
    x$fpl$fpinit                             0x08003f98   Section       10  fpinit.o(x$fpl$fpinit)
    $v0                                      0x08003f98   Number         0  fpinit.o(x$fpl$fpinit)
    .constdata                               0x08003fa2   Section       16  stm32f4xx_hal_rcc.o(.constdata)
    .constdata                               0x08003fb4   Section      336  gpiocfg.o(.constdata)
    .constdata                               0x08004104   Section      112  gpiocfg.o(.constdata)
    .constdata                               0x08004174   Section        9  irq.o(.constdata)
    .constdata                               0x0800417d   Section        4  sys_io.o(.constdata)
    .constdata                               0x08004181   Section        4  sys_io.o(.constdata)
    .constdata                               0x08004185   Section        4  sys_io.o(.constdata)
    .data                                    0x20000000   Section        4  stm32f4xx_hal.o(.data)
    uwTick                                   0x20000000   Data           4  stm32f4xx_hal.o(.data)
    .data                                    0x20000004   Section       20  system_stm32f4xx.o(.data)
    .data                                    0x20000018   Section       60  tasks.o(.data)
    uxDeletedTasksWaitingCleanUp             0x2000001c   Data           4  tasks.o(.data)
    uxCurrentNumberOfTasks                   0x20000020   Data           4  tasks.o(.data)
    xTickCount                               0x20000024   Data           4  tasks.o(.data)
    uxTopReadyPriority                       0x20000028   Data           4  tasks.o(.data)
    xSchedulerRunning                        0x2000002c   Data           4  tasks.o(.data)
    uxPendedTicks                            0x20000030   Data           4  tasks.o(.data)
    xYieldPending                            0x20000034   Data           4  tasks.o(.data)
    xNumOfOverflows                          0x20000038   Data           4  tasks.o(.data)
    uxTaskNumber                             0x2000003c   Data           4  tasks.o(.data)
    xNextTaskUnblockTime                     0x20000040   Data           4  tasks.o(.data)
    xIdleTaskHandle                          0x20000044   Data           4  tasks.o(.data)
    uxSchedulerSuspended                     0x20000048   Data           4  tasks.o(.data)
    pxDelayedTaskList                        0x2000004c   Data           4  tasks.o(.data)
    pxOverflowDelayedTaskList                0x20000050   Data           4  tasks.o(.data)
    .data                                    0x20000054   Section       24  heap_4.o(.data)
    pxEnd                                    0x20000054   Data           4  heap_4.o(.data)
    xFreeBytesRemaining                      0x20000058   Data           4  heap_4.o(.data)
    xMinimumEverFreeBytesRemaining           0x2000005c   Data           4  heap_4.o(.data)
    xBlockAllocatedBit                       0x20000060   Data           4  heap_4.o(.data)
    xStart                                   0x20000064   Data           8  heap_4.o(.data)
    .data                                    0x2000006c   Section       12  port.o(.data)
    ucMaxSysCallPriority                     0x2000006c   Data           1  port.o(.data)
    uxCriticalNesting                        0x20000070   Data           4  port.o(.data)
    ulMaxPRIGROUPValue                       0x20000074   Data           4  port.o(.data)
    .data                                    0x20000078   Section       52  cychdr.o(.data)
    cnt                                      0x20000078   Data           1  cychdr.o(.data)
    stCycleTask                              0x2000007c   Data          48  cychdr.o(.data)
    .data                                    0x200000ac   Section        4  stdio_streams.o(.data)
    .data                                    0x200000b0   Section        4  stdio_streams.o(.data)
    .data                                    0x200000b4   Section        4  stdio_streams.o(.data)
    .bss                                     0x200000b8   Section      860  usart.o(.bss)
    Uart1_RxData_fifo                        0x200000b8   Data          16  usart.o(.bss)
    .bss                                     0x20000414   Section       64  queue.o(.bss)
    .bss                                     0x20000454   Section      740  tasks.o(.bss)
    pxReadyTasksLists                        0x20000454   Data         640  tasks.o(.bss)
    xDelayedTaskList1                        0x200006d4   Data          20  tasks.o(.bss)
    xDelayedTaskList2                        0x200006e8   Data          20  tasks.o(.bss)
    xPendingReadyList                        0x200006fc   Data          20  tasks.o(.bss)
    xTasksWaitingTermination                 0x20000710   Data          20  tasks.o(.bss)
    xSuspendedTaskList                       0x20000724   Data          20  tasks.o(.bss)
    .bss                                     0x20000738   Section    47104  heap_4.o(.bss)
    ucHeap                                   0x20000738   Data       47104  heap_4.o(.bss)
    .bss                                     0x2000bf38   Section      612  os.o(.bss)
    xIdleTaskTCB                             0x2000bf38   Data          92  os.o(.bss)
    uxIdleTaskStack                          0x2000bf94   Data         520  os.o(.bss)
    .bss                                     0x2000c19c   Section     4796  resourceconfig.o(.bss)
    xSemaphore_RtcMutex_buf                  0x2000c1ac   Data          84  resourceconfig.o(.bss)
    xSemaphore_I2C0Mutex_buf                 0x2000c200   Data          84  resourceconfig.o(.bss)
    xSemaphore_DbgMutex_buf                  0x2000c254   Data          84  resourceconfig.o(.bss)
    xSemaphore_I2C0Sem_buf                   0x2000c2a8   Data          84  resourceconfig.o(.bss)
    xTaskUartTask_StkBuffer                  0x2000c310   Data         800  resourceconfig.o(.bss)
    xTaskKeyTask_StkBuffer                   0x2000c630   Data         200  resourceconfig.o(.bss)
    xTaskLedTask_StkBuffer                   0x2000c6f8   Data         200  resourceconfig.o(.bss)
    xTaskLcdTask_StkBuffer                   0x2000c7c0   Data         512  resourceconfig.o(.bss)
    xTaskUartTask_TcbBuffer                  0x2000c9c0   Data          92  resourceconfig.o(.bss)
    xTaskKeyTask_TcbBuffer                   0x2000ca1c   Data          92  resourceconfig.o(.bss)
    xTaskLedTask_TcbBuffer                   0x2000ca78   Data          92  resourceconfig.o(.bss)
    xTaskLcdTask_TcbBuffer                   0x2000cad4   Data          92  resourceconfig.o(.bss)
    xQueueUartStroage                        0x2000cb30   Data        1024  resourceconfig.o(.bss)
    xQueueKeyStroage                         0x2000cf30   Data         128  resourceconfig.o(.bss)
    xQueueLedStroage                         0x2000cfb0   Data         128  resourceconfig.o(.bss)
    xQueueLcdStroage                         0x2000d030   Data         512  resourceconfig.o(.bss)
    xQueueBuf                                0x2000d230   Data         420  resourceconfig.o(.bss)
    .bss                                     0x2000d458   Section       84  stdio_streams.o(.bss)
    .bss                                     0x2000d4ac   Section       84  stdio_streams.o(.bss)
    .bss                                     0x2000d500   Section       84  stdio_streams.o(.bss)
    .bss                                     0x2000d554   Section       96  libspace.o(.bss)
    HEAP                                     0x2000d5b8   Section      512  startup_stm32f429xx.o(HEAP)
    Heap_Mem                                 0x2000d5b8   Data         512  startup_stm32f429xx.o(HEAP)
    STACK                                    0x2000d7b8   Section     1024  startup_stm32f429xx.o(STACK)
    Stack_Mem                                0x2000d7b8   Data        1024  startup_stm32f429xx.o(STACK)
    __initial_sp                             0x2000dbb8   Data           0  startup_stm32f429xx.o(STACK)

    Global Symbols

    Symbol Name                              Value     Ov Type        Size  Object(Section)

    BuildAttributes$$THM_ISAv4$E$P$D$K$B$S$7EM$VFPi3$EXTD16$VFPS$VFMA$PE$A:L22UL41UL21$X:L11$S22US41US21$IEEE1$IW$USESV6$~STKCKD$USESV7$~SHL$OTIME$ROPI$EBA8$UX$STANDARDLIB$REQ8$PRES8$EABIv2 0x00000000   Number         0  anon$$obj.o ABSOLUTE
    __ARM_use_no_argv                        0x00000000   Number         0  main.o ABSOLUTE
    __ARM_exceptions_init                     - Undefined Weak Reference
    __alloca_initialize                       - Undefined Weak Reference
    __arm_preinit_                            - Undefined Weak Reference
    __cpp_initialize__aeabi_                  - Undefined Weak Reference
    __cxa_finalize                            - Undefined Weak Reference
    __rt_locale                               - Undefined Weak Reference
    __sigvec_lookup                           - Undefined Weak Reference
    __user_heap_extent                        - Undefined Weak Reference
    _atexit_init                              - Undefined Weak Reference
    _call_atexit_fns                          - Undefined Weak Reference
    _clock_init                               - Undefined Weak Reference
    _fp_trap_init                             - Undefined Weak Reference
    _fp_trap_shutdown                         - Undefined Weak Reference
    _get_lc_collate                           - Undefined Weak Reference
    _get_lc_ctype                             - Undefined Weak Reference
    _get_lc_monetary                          - Undefined Weak Reference
    _get_lc_numeric                           - Undefined Weak Reference
    _get_lc_time                              - Undefined Weak Reference
    _getenv_init                              - Undefined Weak Reference
    _handle_redirection                       - Undefined Weak Reference
    _mutex_acquire                            - Undefined Weak Reference
    _mutex_free                               - Undefined Weak Reference
    _mutex_release                            - Undefined Weak Reference
    _printf_mbtowc                            - Undefined Weak Reference
    _printf_post_padding                      - Undefined Weak Reference
    _printf_pre_padding                       - Undefined Weak Reference
    _printf_truncate_signed                   - Undefined Weak Reference
    _printf_truncate_unsigned                 - Undefined Weak Reference
    _rand_init                                - Undefined Weak Reference
    _signal_finish                            - Undefined Weak Reference
    _signal_init                              - Undefined Weak Reference
    __Vectors_Size                           0x000001ac   Number         0  startup_stm32f429xx.o ABSOLUTE
    __Vectors                                0x08000000   Data           4  startup_stm32f429xx.o(RESET)
    __Vectors_End                            0x080001ac   Data           0  startup_stm32f429xx.o(RESET)
    __main                                   0x080001ad   Thumb Code     8  __main.o(!!!main)
    __scatterload                            0x080001b5   Thumb Code     0  __scatter.o(!!!scatter)
    __scatterload_rt2                        0x080001b5   Thumb Code    44  __scatter.o(!!!scatter)
    __scatterload_rt2_thumb_only             0x080001b5   Thumb Code     0  __scatter.o(!!!scatter)
    __scatterload_null                       0x080001c3   Thumb Code     0  __scatter.o(!!!scatter)
    __scatterload_copy                       0x080001e9   Thumb Code    26  __scatter_copy.o(!!handler_copy)
    __scatterload_zeroinit                   0x08000205   Thumb Code    28  __scatter_zi.o(!!handler_zi)
    _printf_d                                0x08000221   Thumb Code     0  _printf_d.o(.ARM.Collect$$_printf_percent$$00000009)
    _printf_percent                          0x08000221   Thumb Code     0  _printf_percent.o(.ARM.Collect$$_printf_percent$$00000000)
    _printf_s                                0x08000227   Thumb Code     0  _printf_s.o(.ARM.Collect$$_printf_percent$$00000014)
    _printf_percent_end                      0x0800022d   Thumb Code     0  _printf_percent_end.o(.ARM.Collect$$_printf_percent$$00000017)
    __rt_lib_init                            0x08000231   Thumb Code     0  libinit.o(.ARM.Collect$$libinit$$00000000)
    __rt_lib_init_fp_1                       0x08000233   Thumb Code     0  libinit2.o(.ARM.Collect$$libinit$$00000001)
    __rt_lib_init_heap_2                     0x08000237   Thumb Code     0  libinit2.o(.ARM.Collect$$libinit$$00000005)
    __rt_lib_init_preinit_1                  0x08000237   Thumb Code     0  libinit2.o(.ARM.Collect$$libinit$$00000004)
    __rt_lib_init_atexit_1                   0x0800023f   Thumb Code     0  libinit2.o(.ARM.Collect$$libinit$$0000001B)
    __rt_lib_init_clock_1                    0x0800023f   Thumb Code     0  libinit2.o(.ARM.Collect$$libinit$$00000021)
    __rt_lib_init_fp_trap_1                  0x0800023f   Thumb Code     0  libinit2.o(.ARM.Collect$$libinit$$0000001F)
    __rt_lib_init_getenv_1                   0x0800023f   Thumb Code     0  libinit2.o(.ARM.Collect$$libinit$$00000023)
    __rt_lib_init_heap_1                     0x0800023f   Thumb Code     0  libinit2.o(.ARM.Collect$$libinit$$0000000A)
    __rt_lib_init_lc_collate_1               0x0800023f   Thumb Code     0  libinit2.o(.ARM.Collect$$libinit$$00000011)
    __rt_lib_init_lc_ctype_1                 0x0800023f   Thumb Code     0  libinit2.o(.ARM.Collect$$libinit$$00000013)
    __rt_lib_init_lc_monetary_1              0x0800023f   Thumb Code     0  libinit2.o(.ARM.Collect$$libinit$$00000015)
    __rt_lib_init_lc_numeric_1               0x0800023f   Thumb Code     0  libinit2.o(.ARM.Collect$$libinit$$00000017)
    __rt_lib_init_lc_time_1                  0x0800023f   Thumb Code     0  libinit2.o(.ARM.Collect$$libinit$$00000019)
    __rt_lib_init_rand_1                     0x0800023f   Thumb Code     0  libinit2.o(.ARM.Collect$$libinit$$0000000E)
    __rt_lib_init_signal_1                   0x0800023f   Thumb Code     0  libinit2.o(.ARM.Collect$$libinit$$0000001D)
    __rt_lib_init_stdio_2                    0x0800023f   Thumb Code     0  libinit2.o(.ARM.Collect$$libinit$$00000024)
    __rt_lib_init_user_alloc_1               0x0800023f   Thumb Code     0  libinit2.o(.ARM.Collect$$libinit$$0000000C)
    __rt_lib_init_alloca_1                   0x08000243   Thumb Code     0  libinit2.o(.ARM.Collect$$libinit$$0000002E)
    __rt_lib_init_argv_1                     0x08000243   Thumb Code     0  libinit2.o(.ARM.Collect$$libinit$$0000002C)
    __rt_lib_init_cpp_1                      0x08000243   Thumb Code     0  libinit2.o(.ARM.Collect$$libinit$$00000032)
    __rt_lib_init_exceptions_1               0x08000243   Thumb Code     0  libinit2.o(.ARM.Collect$$libinit$$00000030)
    __rt_lib_init_return                     0x08000243   Thumb Code     0  libinit2.o(.ARM.Collect$$libinit$$00000033)
    __rt_lib_init_stdio_1                    0x08000243   Thumb Code     0  libinit2.o(.ARM.Collect$$libinit$$00000025)
    __rt_lib_shutdown                        0x08000245   Thumb Code     0  libshutdown.o(.ARM.Collect$$libshutdown$$00000000)
    __rt_lib_shutdown_cpp_1                  0x08000247   Thumb Code     0  libshutdown2.o(.ARM.Collect$$libshutdown$$00000002)
    __rt_lib_shutdown_stdio_2                0x08000247   Thumb Code     0  libshutdown2.o(.ARM.Collect$$libshutdown$$00000003)
    __rt_lib_shutdown_fp_trap_1              0x0800024b   Thumb Code     0  libshutdown2.o(.ARM.Collect$$libshutdown$$00000007)
    __rt_lib_shutdown_heap_1                 0x0800024b   Thumb Code     0  libshutdown2.o(.ARM.Collect$$libshutdown$$0000000F)
    __rt_lib_shutdown_return                 0x0800024b   Thumb Code     0  libshutdown2.o(.ARM.Collect$$libshutdown$$00000010)
    __rt_lib_shutdown_signal_1               0x0800024b   Thumb Code     0  libshutdown2.o(.ARM.Collect$$libshutdown$$0000000A)
    __rt_lib_shutdown_stdio_1                0x0800024b   Thumb Code     0  libshutdown2.o(.ARM.Collect$$libshutdown$$00000004)
    __rt_lib_shutdown_user_alloc_1           0x0800024b   Thumb Code     0  libshutdown2.o(.ARM.Collect$$libshutdown$$0000000C)
    __rt_entry                               0x0800024d   Thumb Code     0  __rtentry.o(.ARM.Collect$$rtentry$$00000000)
    __rt_entry_presh_1                       0x0800024d   Thumb Code     0  __rtentry2.o(.ARM.Collect$$rtentry$$00000002)
    __rt_entry_sh                            0x0800024d   Thumb Code     0  __rtentry4.o(.ARM.Collect$$rtentry$$00000004)
    __rt_entry_li                            0x08000253   Thumb Code     0  __rtentry2.o(.ARM.Collect$$rtentry$$0000000A)
    __rt_entry_postsh_1                      0x08000253   Thumb Code     0  __rtentry2.o(.ARM.Collect$$rtentry$$00000009)
    __rt_entry_main                          0x08000257   Thumb Code     0  __rtentry2.o(.ARM.Collect$$rtentry$$0000000D)
    __rt_entry_postli_1                      0x08000257   Thumb Code     0  __rtentry2.o(.ARM.Collect$$rtentry$$0000000C)
    __rt_exit                                0x0800025f   Thumb Code     0  rtexit.o(.ARM.Collect$$rtexit$$00000000)
    __rt_exit_ls                             0x08000261   Thumb Code     0  rtexit2.o(.ARM.Collect$$rtexit$$00000003)
    __rt_exit_prels_1                        0x08000261   Thumb Code     0  rtexit2.o(.ARM.Collect$$rtexit$$00000002)
    __rt_exit_exit                           0x08000265   Thumb Code     0  rtexit2.o(.ARM.Collect$$rtexit$$00000004)
    SVC_Handler                              0x0800026d   Thumb Code    28  port.o(.emb_text)
    __asm___6_port_c_d4ffa451__prvStartFirstTask 0x0800028d   Thumb Code    28  port.o(.emb_text)
    __asm___6_port_c_d4ffa451__prvEnableVFP  0x080002ad   Thumb Code    16  port.o(.emb_text)
    PendSV_Handler                           0x080002c1   Thumb Code    88  port.o(.emb_text)
    vPortGetIPSR                             0x0800031d   Thumb Code     6  port.o(.emb_text)
    Reset_Handler                            0x08000325   Thumb Code     8  startup_stm32f429xx.o(.text)
    _maybe_terminate_alloc                   0x08000325   Thumb Code     0  maybetermalloc1.o(.emb_text)
    ADC_IRQHandler                           0x0800033f   Thumb Code     0  startup_stm32f429xx.o(.text)
    CAN1_RX0_IRQHandler                      0x0800033f   Thumb Code     0  startup_stm32f429xx.o(.text)
    CAN1_RX1_IRQHandler                      0x0800033f   Thumb Code     0  startup_stm32f429xx.o(.text)
    CAN1_SCE_IRQHandler                      0x0800033f   Thumb Code     0  startup_stm32f429xx.o(.text)
    CAN1_TX_IRQHandler                       0x0800033f   Thumb Code     0  startup_stm32f429xx.o(.text)
    CAN2_RX0_IRQHandler                      0x0800033f   Thumb Code     0  startup_stm32f429xx.o(.text)
    CAN2_RX1_IRQHandler                      0x0800033f   Thumb Code     0  startup_stm32f429xx.o(.text)
    CAN2_SCE_IRQHandler                      0x0800033f   Thumb Code     0  startup_stm32f429xx.o(.text)
    CAN2_TX_IRQHandler                       0x0800033f   Thumb Code     0  startup_stm32f429xx.o(.text)
    DCMI_IRQHandler                          0x0800033f   Thumb Code     0  startup_stm32f429xx.o(.text)
    DMA1_Stream0_IRQHandler                  0x0800033f   Thumb Code     0  startup_stm32f429xx.o(.text)
    DMA1_Stream1_IRQHandler                  0x0800033f   Thumb Code     0  startup_stm32f429xx.o(.text)
    DMA1_Stream2_IRQHandler                  0x0800033f   Thumb Code     0  startup_stm32f429xx.o(.text)
    DMA1_Stream3_IRQHandler                  0x0800033f   Thumb Code     0  startup_stm32f429xx.o(.text)
    DMA1_Stream4_IRQHandler                  0x0800033f   Thumb Code     0  startup_stm32f429xx.o(.text)
    DMA1_Stream5_IRQHandler                  0x0800033f   Thumb Code     0  startup_stm32f429xx.o(.text)
    DMA1_Stream6_IRQHandler                  0x0800033f   Thumb Code     0  startup_stm32f429xx.o(.text)
    DMA1_Stream7_IRQHandler                  0x0800033f   Thumb Code     0  startup_stm32f429xx.o(.text)
    DMA2D_IRQHandler                         0x0800033f   Thumb Code     0  startup_stm32f429xx.o(.text)
    DMA2_Stream0_IRQHandler                  0x0800033f   Thumb Code     0  startup_stm32f429xx.o(.text)
    DMA2_Stream1_IRQHandler                  0x0800033f   Thumb Code     0  startup_stm32f429xx.o(.text)
    DMA2_Stream2_IRQHandler                  0x0800033f   Thumb Code     0  startup_stm32f429xx.o(.text)
    DMA2_Stream3_IRQHandler                  0x0800033f   Thumb Code     0  startup_stm32f429xx.o(.text)
    DMA2_Stream4_IRQHandler                  0x0800033f   Thumb Code     0  startup_stm32f429xx.o(.text)
    DMA2_Stream5_IRQHandler                  0x0800033f   Thumb Code     0  startup_stm32f429xx.o(.text)
    DMA2_Stream6_IRQHandler                  0x0800033f   Thumb Code     0  startup_stm32f429xx.o(.text)
    DMA2_Stream7_IRQHandler                  0x0800033f   Thumb Code     0  startup_stm32f429xx.o(.text)
    ETH_IRQHandler                           0x0800033f   Thumb Code     0  startup_stm32f429xx.o(.text)
    ETH_WKUP_IRQHandler                      0x0800033f   Thumb Code     0  startup_stm32f429xx.o(.text)
    EXTI0_IRQHandler                         0x0800033f   Thumb Code     0  startup_stm32f429xx.o(.text)
    EXTI15_10_IRQHandler                     0x0800033f   Thumb Code     0  startup_stm32f429xx.o(.text)
    EXTI1_IRQHandler                         0x0800033f   Thumb Code     0  startup_stm32f429xx.o(.text)
    EXTI2_IRQHandler                         0x0800033f   Thumb Code     0  startup_stm32f429xx.o(.text)
    EXTI3_IRQHandler                         0x0800033f   Thumb Code     0  startup_stm32f429xx.o(.text)
    EXTI4_IRQHandler                         0x0800033f   Thumb Code     0  startup_stm32f429xx.o(.text)
    EXTI9_5_IRQHandler                       0x0800033f   Thumb Code     0  startup_stm32f429xx.o(.text)
    FLASH_IRQHandler                         0x0800033f   Thumb Code     0  startup_stm32f429xx.o(.text)
    FMC_IRQHandler                           0x0800033f   Thumb Code     0  startup_stm32f429xx.o(.text)
    FPU_IRQHandler                           0x0800033f   Thumb Code     0  startup_stm32f429xx.o(.text)
    HASH_RNG_IRQHandler                      0x0800033f   Thumb Code     0  startup_stm32f429xx.o(.text)
    I2C1_ER_IRQHandler                       0x0800033f   Thumb Code     0  startup_stm32f429xx.o(.text)
    I2C1_EV_IRQHandler                       0x0800033f   Thumb Code     0  startup_stm32f429xx.o(.text)
    I2C2_ER_IRQHandler                       0x0800033f   Thumb Code     0  startup_stm32f429xx.o(.text)
    I2C2_EV_IRQHandler                       0x0800033f   Thumb Code     0  startup_stm32f429xx.o(.text)
    I2C3_ER_IRQHandler                       0x0800033f   Thumb Code     0  startup_stm32f429xx.o(.text)
    I2C3_EV_IRQHandler                       0x0800033f   Thumb Code     0  startup_stm32f429xx.o(.text)
    LTDC_ER_IRQHandler                       0x0800033f   Thumb Code     0  startup_stm32f429xx.o(.text)
    LTDC_IRQHandler                          0x0800033f   Thumb Code     0  startup_stm32f429xx.o(.text)
    OTG_FS_IRQHandler                        0x0800033f   Thumb Code     0  startup_stm32f429xx.o(.text)
    OTG_FS_WKUP_IRQHandler                   0x0800033f   Thumb Code     0  startup_stm32f429xx.o(.text)
    OTG_HS_EP1_IN_IRQHandler                 0x0800033f   Thumb Code     0  startup_stm32f429xx.o(.text)
    OTG_HS_EP1_OUT_IRQHandler                0x0800033f   Thumb Code     0  startup_stm32f429xx.o(.text)
    OTG_HS_IRQHandler                        0x0800033f   Thumb Code     0  startup_stm32f429xx.o(.text)
    OTG_HS_WKUP_IRQHandler                   0x0800033f   Thumb Code     0  startup_stm32f429xx.o(.text)
    PVD_IRQHandler                           0x0800033f   Thumb Code     0  startup_stm32f429xx.o(.text)
    RCC_IRQHandler                           0x0800033f   Thumb Code     0  startup_stm32f429xx.o(.text)
    RTC_Alarm_IRQHandler                     0x0800033f   Thumb Code     0  startup_stm32f429xx.o(.text)
    RTC_WKUP_IRQHandler                      0x0800033f   Thumb Code     0  startup_stm32f429xx.o(.text)
    SAI1_IRQHandler                          0x0800033f   Thumb Code     0  startup_stm32f429xx.o(.text)
    SDIO_IRQHandler                          0x0800033f   Thumb Code     0  startup_stm32f429xx.o(.text)
    SPI1_IRQHandler                          0x0800033f   Thumb Code     0  startup_stm32f429xx.o(.text)
    SPI2_IRQHandler                          0x0800033f   Thumb Code     0  startup_stm32f429xx.o(.text)
    SPI3_IRQHandler                          0x0800033f   Thumb Code     0  startup_stm32f429xx.o(.text)
    SPI4_IRQHandler                          0x0800033f   Thumb Code     0  startup_stm32f429xx.o(.text)
    SPI5_IRQHandler                          0x0800033f   Thumb Code     0  startup_stm32f429xx.o(.text)
    SPI6_IRQHandler                          0x0800033f   Thumb Code     0  startup_stm32f429xx.o(.text)
    TAMP_STAMP_IRQHandler                    0x0800033f   Thumb Code     0  startup_stm32f429xx.o(.text)
    TIM1_BRK_TIM9_IRQHandler                 0x0800033f   Thumb Code     0  startup_stm32f429xx.o(.text)
    TIM1_CC_IRQHandler                       0x0800033f   Thumb Code     0  startup_stm32f429xx.o(.text)
    TIM1_TRG_COM_TIM11_IRQHandler            0x0800033f   Thumb Code     0  startup_stm32f429xx.o(.text)
    TIM1_UP_TIM10_IRQHandler                 0x0800033f   Thumb Code     0  startup_stm32f429xx.o(.text)
    TIM2_IRQHandler                          0x0800033f   Thumb Code     0  startup_stm32f429xx.o(.text)
    TIM3_IRQHandler                          0x0800033f   Thumb Code     0  startup_stm32f429xx.o(.text)
    TIM4_IRQHandler                          0x0800033f   Thumb Code     0  startup_stm32f429xx.o(.text)
    TIM5_IRQHandler                          0x0800033f   Thumb Code     0  startup_stm32f429xx.o(.text)
    TIM6_DAC_IRQHandler                      0x0800033f   Thumb Code     0  startup_stm32f429xx.o(.text)
    TIM7_IRQHandler                          0x0800033f   Thumb Code     0  startup_stm32f429xx.o(.text)
    TIM8_BRK_TIM12_IRQHandler                0x0800033f   Thumb Code     0  startup_stm32f429xx.o(.text)
    TIM8_CC_IRQHandler                       0x0800033f   Thumb Code     0  startup_stm32f429xx.o(.text)
    TIM8_TRG_COM_TIM14_IRQHandler            0x0800033f   Thumb Code     0  startup_stm32f429xx.o(.text)
    TIM8_UP_TIM13_IRQHandler                 0x0800033f   Thumb Code     0  startup_stm32f429xx.o(.text)
    UART4_IRQHandler                         0x0800033f   Thumb Code     0  startup_stm32f429xx.o(.text)
    UART5_IRQHandler                         0x0800033f   Thumb Code     0  startup_stm32f429xx.o(.text)
    UART7_IRQHandler                         0x0800033f   Thumb Code     0  startup_stm32f429xx.o(.text)
    UART8_IRQHandler                         0x0800033f   Thumb Code     0  startup_stm32f429xx.o(.text)
    USART2_IRQHandler                        0x0800033f   Thumb Code     0  startup_stm32f429xx.o(.text)
    USART3_IRQHandler                        0x0800033f   Thumb Code     0  startup_stm32f429xx.o(.text)
    USART6_IRQHandler                        0x0800033f   Thumb Code     0  startup_stm32f429xx.o(.text)
    WWDG_IRQHandler                          0x0800033f   Thumb Code     0  startup_stm32f429xx.o(.text)
    __user_initial_stackheap                 0x08000341   Thumb Code     0  startup_stm32f429xx.o(.text)
    __2printf                                0x08000365   Thumb Code    20  noretval__2printf.o(.text)
    __printf                                 0x0800037d   Thumb Code   104  __printf.o(.text)
    _printf_str                              0x080003e5   Thumb Code    82  _printf_str.o(.text)
    _printf_int_dec                          0x08000439   Thumb Code   104  _printf_dec.o(.text)
    strlen                                   0x080004b1   Thumb Code    62  strlen.o(.text)
    __aeabi_memcpy                           0x080004ef   Thumb Code     0  rt_memcpy_v6.o(.text)
    __rt_memcpy                              0x080004ef   Thumb Code   138  rt_memcpy_v6.o(.text)
    _memcpy_lastbytes                        0x08000555   Thumb Code     0  rt_memcpy_v6.o(.text)
    __aeabi_memcpy4                          0x08000579   Thumb Code     0  rt_memcpy_w.o(.text)
    __aeabi_memcpy8                          0x08000579   Thumb Code     0  rt_memcpy_w.o(.text)
    __rt_memcpy_w                            0x08000579   Thumb Code   100  rt_memcpy_w.o(.text)
    _memcpy_lastbytes_aligned                0x080005c1   Thumb Code     0  rt_memcpy_w.o(.text)
    __aeabi_memset                           0x080005dd   Thumb Code    16  aeabi_memset.o(.text)
    __aeabi_memclr                           0x080005ed   Thumb Code     0  rt_memclr.o(.text)
    __rt_memclr                              0x080005ed   Thumb Code    68  rt_memclr.o(.text)
    _memset                                  0x080005f1   Thumb Code     0  rt_memclr.o(.text)
    __aeabi_memclr4                          0x08000631   Thumb Code     0  rt_memclr_w.o(.text)
    __aeabi_memclr8                          0x08000631   Thumb Code     0  rt_memclr_w.o(.text)
    __rt_memclr_w                            0x08000631   Thumb Code    78  rt_memclr_w.o(.text)
    _memset_w                                0x08000635   Thumb Code     0  rt_memclr_w.o(.text)
    __use_two_region_memory                  0x0800067f   Thumb Code     2  heapauxi.o(.text)
    __rt_heap_escrow                         0x08000681   Thumb Code     2  heapauxi.o(.text)
    __rt_heap_expand                         0x08000683   Thumb Code     2  heapauxi.o(.text)
    _printf_int_common                       0x08000685   Thumb Code   178  _printf_intcommon.o(.text)
    _printf_char_common                      0x08000743   Thumb Code    32  _printf_char_common.o(.text)
    _printf_cs_common                        0x08000769   Thumb Code    20  _printf_char.o(.text)
    _printf_char                             0x0800077d   Thumb Code    16  _printf_char.o(.text)
    _printf_string                           0x0800078d   Thumb Code     8  _printf_char.o(.text)
    _printf_char_file                        0x08000795   Thumb Code    32  _printf_char_file.o(.text)
    ferror                                   0x080007b9   Thumb Code     8  ferror.o(.text)
    _initio                                  0x080007c1   Thumb Code   210  initio.o(.text)
    _terminateio                             0x08000893   Thumb Code    56  initio.o(.text)
    _sys_open                                0x080008f9   Thumb Code    20  sys_io.o(.text)
    _sys_close                               0x0800090d   Thumb Code    12  sys_io.o(.text)
    _sys_write                               0x08000919   Thumb Code    16  sys_io.o(.text)
    _sys_read                                0x08000929   Thumb Code    14  sys_io.o(.text)
    _sys_istty                               0x08000937   Thumb Code    12  sys_io.o(.text)
    _sys_seek                                0x08000943   Thumb Code    14  sys_io.o(.text)
    _sys_ensure                              0x08000951   Thumb Code     2  sys_io.o(.text)
    _sys_flen                                0x08000953   Thumb Code    12  sys_io.o(.text)
    __user_setup_stackheap                   0x0800095f   Thumb Code    74  sys_stackheap_outer.o(.text)
    free                                     0x080009a9   Thumb Code    78  h1_free.o(.text)
    __flsbuf                                 0x080009f7   Thumb Code   470  flsbuf.o(.text)
    __flsbuf_byte                            0x080009f7   Thumb Code     0  flsbuf.o(.text)
    __flsbuf_wide                            0x080009f7   Thumb Code     0  flsbuf.o(.text)
    setvbuf                                  0x08000bcd   Thumb Code    70  setvbuf.o(.text)
    freopen                                  0x08000c15   Thumb Code   158  fopen.o(.text)
    fopen                                    0x08000cb3   Thumb Code    74  fopen.o(.text)
    _fclose_internal                         0x08000d01   Thumb Code    76  fclose.o(.text)
    fclose                                   0x08000d01   Thumb Code     0  fclose.o(.text)
    exit                                     0x08000d4d   Thumb Code    18  exit.o(.text)
    __rt_SIGRTRED                            0x08000d5f   Thumb Code    14  defsig_rtred_outer.o(.text)
    __user_libspace                          0x08000d6d   Thumb Code     8  libspace.o(.text)
    __user_perproc_libspace                  0x08000d6d   Thumb Code     0  libspace.o(.text)
    __user_perthread_libspace                0x08000d6d   Thumb Code     0  libspace.o(.text)
    __I$use$semihosting                      0x08000d75   Thumb Code     0  use_no_semi.o(.text)
    __use_no_semihosting_swi                 0x08000d75   Thumb Code     2  use_no_semi.o(.text)
    __semihosting_library_function           0x08000d77   Thumb Code     0  indicate_semi.o(.text)
    __rt_heap_descriptor                     0x08000d79   Thumb Code     8  rt_heap_descriptor_intlibspace.o(.text)
    __use_no_heap                            0x08000d81   Thumb Code     2  hguard.o(.text)
    __heap$guard                             0x08000d83   Thumb Code     2  hguard.o(.text)
    _terminate_user_alloc                    0x08000d85   Thumb Code     2  init_alloc.o(.text)
    _init_user_alloc                         0x08000d87   Thumb Code     2  init_alloc.o(.text)
    __Heap_Full                              0x08000d89   Thumb Code    34  init_alloc.o(.text)
    __Heap_Broken                            0x08000dab   Thumb Code     6  init_alloc.o(.text)
    _init_alloc                              0x08000db1   Thumb Code    94  init_alloc.o(.text)
    malloc                                   0x08000e0f   Thumb Code    94  h1_alloc.o(.text)
    _fseek                                   0x08000e6d   Thumb Code   242  fseek.o(.text)
    fseek                                    0x08000e6d   Thumb Code     0  fseek.o(.text)
    _seterr                                  0x08000f65   Thumb Code    20  stdio.o(.text)
    _writebuf                                0x08000f79   Thumb Code    84  stdio.o(.text)
    _fflush                                  0x08000fcd   Thumb Code    70  stdio.o(.text)
    _deferredlazyseek                        0x08001013   Thumb Code    60  stdio.o(.text)
    __sig_exit                               0x08001055   Thumb Code    10  defsig_exit.o(.text)
    __rt_SIGRTRED_inner                      0x08001061   Thumb Code    14  defsig_rtred_inner.o(.text)
    _sys_exit                                0x08001095   Thumb Code     8  sys_exit.o(.text)
    __Heap_Initialize                        0x080010a1   Thumb Code    10  h1_init.o(.text)
    __Heap_DescSize                          0x080010ab   Thumb Code     4  h1_init.o(.text)
    __Heap_ProvideMemory                     0x080010af   Thumb Code    52  h1_extend.o(.text)
    _ftell_internal                          0x080010e3   Thumb Code    66  ftell.o(.text)
    ftell                                    0x080010e3   Thumb Code     0  ftell.o(.text)
    __default_signal_display                 0x08001125   Thumb Code    50  defsig_general.o(.text)
    __rt_SIGRTMEM                            0x08001157   Thumb Code    14  defsig_rtmem_outer.o(.text)
    _ttywrch                                 0x08001165   Thumb Code    14  sys_wrch.o(.text)
    __aeabi_errno_addr                       0x08001175   Thumb Code     8  rt_errno_addr_intlibspace.o(.text)
    __errno$intlibspace                      0x08001175   Thumb Code     0  rt_errno_addr_intlibspace.o(.text)
    __rt_errno_addr$intlibspace              0x08001175   Thumb Code     0  rt_errno_addr_intlibspace.o(.text)
    __rt_SIGRTMEM_inner                      0x0800117d   Thumb Code    22  defsig_rtmem_inner.o(.text)
    BusFault_Handler                         0x080011cd   Thumb Code     2  stm32f4xx_it.o(i.BusFault_Handler)
    Clock_Init                               0x080011d1   Thumb Code   212  sys.o(i.Clock_Init)
    DataQueueCreateStatic                    0x080012ad   Thumb Code   158  resourceconfig.o(i.DataQueueCreateStatic)
    DebugMon_Handler                         0x08001365   Thumb Code     2  stm32f4xx_it.o(i.DebugMon_Handler)
    EvtGroupsNotifyTask                      0x08001369   Thumb Code    28  os.o(i.EvtGroupsNotifyTask)
    EvtGroupsWaitBits                        0x08001389   Thumb Code    34  os.o(i.EvtGroupsWaitBits)
    GPIO_Read                                0x080013ad   Thumb Code    18  gpio.o(i.GPIO_Read)
    GPIO_Write                               0x080013c5   Thumb Code    26  gpio.o(i.GPIO_Write)
    Gpio_Init                                0x080013e5   Thumb Code    60  gpio.o(i.Gpio_Init)
    HAL_GPIO_Init                            0x08001421   Thumb Code   422  stm32f4xx_hal_gpio.o(i.HAL_GPIO_Init)
    HAL_GPIO_ReadPin                         0x080015fd   Thumb Code    10  stm32f4xx_hal_gpio.o(i.HAL_GPIO_ReadPin)
    HAL_GPIO_WritePin                        0x08001607   Thumb Code    10  stm32f4xx_hal_gpio.o(i.HAL_GPIO_WritePin)
    HAL_GetTick                              0x08001611   Thumb Code     6  stm32f4xx_hal.o(i.HAL_GetTick)
    HAL_IncTick                              0x0800161d   Thumb Code    10  stm32f4xx_hal.o(i.HAL_IncTick)
    HAL_Init                                 0x0800162d   Thumb Code    48  stm32f4xx_hal.o(i.HAL_Init)
    HAL_InitTick                             0x08001661   Thumb Code    34  stm32f4xx_hal.o(i.HAL_InitTick)
    HAL_MspInit                              0x08001683   Thumb Code     2  stm32f4xx_hal_msp_template.o(i.HAL_MspInit)
    HAL_NVIC_EnableIRQ                       0x08001685   Thumb Code    22  stm32f4xx_hal_cortex.o(i.HAL_NVIC_EnableIRQ)
    HAL_NVIC_SetPriority                     0x0800169d   Thumb Code    60  stm32f4xx_hal_cortex.o(i.HAL_NVIC_SetPriority)
    HAL_NVIC_SetPriorityGrouping             0x080016dd   Thumb Code    26  stm32f4xx_hal_cortex.o(i.HAL_NVIC_SetPriorityGrouping)
    HAL_PWREx_EnableOverDrive                0x08001701   Thumb Code   122  stm32f4xx_hal_pwr_ex.o(i.HAL_PWREx_EnableOverDrive)
    HAL_RCC_ClockConfig                      0x08001789   Thumb Code   512  stm32f4xx_hal_rcc.o(i.HAL_RCC_ClockConfig)
    HAL_RCC_GetHCLKFreq                      0x08001991   Thumb Code    38  stm32f4xx_hal_rcc.o(i.HAL_RCC_GetHCLKFreq)
    HAL_RCC_GetPCLK1Freq                     0x080019c5   Thumb Code    36  stm32f4xx_hal_rcc.o(i.HAL_RCC_GetPCLK1Freq)
    HAL_RCC_GetPCLK2Freq                     0x080019f1   Thumb Code    36  stm32f4xx_hal_rcc.o(i.HAL_RCC_GetPCLK2Freq)
    HAL_RCC_GetSysClockFreq                  0x08001a1d   Thumb Code   104  stm32f4xx_hal_rcc.o(i.HAL_RCC_GetSysClockFreq)
    HAL_RCC_OscConfig                        0x08001a91   Thumb Code   774  stm32f4xx_hal_rcc.o(i.HAL_RCC_OscConfig)
    HAL_SYSTICK_Config                       0x08001dad   Thumb Code    40  stm32f4xx_hal_cortex.o(i.HAL_SYSTICK_Config)
    HAL_UART_ErrorCallback                   0x08001dd5   Thumb Code     2  stm32f4xx_hal_uart.o(i.HAL_UART_ErrorCallback)
    HAL_UART_IRQHandler                      0x08001dd7   Thumb Code   252  stm32f4xx_hal_uart.o(i.HAL_UART_IRQHandler)
    HAL_UART_Init                            0x08001ed3   Thumb Code    94  stm32f4xx_hal_uart.o(i.HAL_UART_Init)
    HAL_UART_MspInit                         0x08001f31   Thumb Code     2  usart.o(i.HAL_UART_MspInit)
    HAL_UART_Receive_IT                      0x08001f33   Thumb Code    90  stm32f4xx_hal_uart.o(i.HAL_UART_Receive_IT)
    HAL_UART_TxCpltCallback                  0x08001f8d   Thumb Code     2  stm32f4xx_hal_uart.o(i.HAL_UART_TxCpltCallback)
    HardFault_Handler                        0x08001f8f   Thumb Code     2  stm32f4xx_it.o(i.HardFault_Handler)
    IRQ_Init                                 0x08001f91   Thumb Code    30  irq.o(i.IRQ_Init)
    InitOS                                   0x08001fb5   Thumb Code    20  resourceconfig.o(i.InitOS)
    Irq_EnableVector                         0x08001fc9   Thumb Code    18  irq.o(i.Irq_EnableVector)
    IsIsrContext                             0x08001fdd   Thumb Code    16  port.o(i.IsIsrContext)
    MemManage_Handler                        0x08002081   Thumb Code     2  stm32f4xx_it.o(i.MemManage_Handler)
    NMI_Handler                              0x08002083   Thumb Code     2  stm32f4xx_it.o(i.NMI_Handler)
    OS_FreeMailBoxMemory                     0x080020a5   Thumb Code    62  os.o(i.OS_FreeMailBoxMemory)
    OS_MQSend                                0x080020e9   Thumb Code    66  os.o(i.OS_MQSend)
    OS_ReceiveMailbox                        0x0800212b   Thumb Code    40  os.o(i.OS_ReceiveMailbox)
    OS_ReceiveMailboxInternal                0x08002155   Thumb Code    40  os.o(i.OS_ReceiveMailboxInternal)
    OS_SendMailbox                           0x08002181   Thumb Code   126  os.o(i.OS_SendMailbox)
    Os_EventSendTask                         0x08002205   Thumb Code    12  os.o(i.Os_EventSendTask)
    SemphrCreateStatic                       0x08002211   Thumb Code    70  resourceconfig.o(i.SemphrCreateStatic)
    SendMsgToLed                             0x0800225d   Thumb Code    10  led.o(i.SendMsgToLed)
    StartOS                                  0x08002277   Thumb Code     4  os.o(i.StartOS)
    SysTick_Handler                          0x0800227b   Thumb Code    22  sys.o(i.SysTick_Handler)
    SystemClock_Init                         0x08002291   Thumb Code   114  sys.o(i.SystemClock_Init)
    SystemInit                               0x08002309   Thumb Code    66  system_stm32f4xx.o(i.SystemInit)
    TASK_INIT_Led                            0x0800235d   Thumb Code    20  led.o(i.TASK_INIT_Led)
    TASK_INIT_Uart1                          0x08002371   Thumb Code    20  uart1.o(i.TASK_INIT_Uart1)
    TASK_Key                                 0x0800238d   Thumb Code    10  key.o(i.TASK_Key)
    TASK_Lcd                                 0x08002397   Thumb Code    10  lcd.o(i.TASK_Lcd)
    TASK_Led                                 0x080023a1   Thumb Code     8  led.o(i.TASK_Led)
    TASK_MAIN_Key                            0x080023a9   Thumb Code    28  key.o(i.TASK_MAIN_Key)
    TASK_MAIN_Lcd                            0x080023c5   Thumb Code    18  lcd.o(i.TASK_MAIN_Lcd)
    TASK_MAIN_Led                            0x080023d7   Thumb Code    18  led.o(i.TASK_MAIN_Led)
    TASK_MAIN_Uart1                          0x080023e9   Thumb Code    30  uart1.o(i.TASK_MAIN_Uart1)
    TASK_MSG_HANDLE_Key                      0x08002409   Thumb Code    48  key.o(i.TASK_MSG_HANDLE_Key)
    TASK_MSG_HANDLE_Lcd                      0x0800243d   Thumb Code    48  lcd.o(i.TASK_MSG_HANDLE_Lcd)
    TASK_MSG_HANDLE_Led                      0x08002471   Thumb Code   102  led.o(i.TASK_MSG_HANDLE_Led)
    TASK_MSG_HANDLE_Uart1                    0x080024dd   Thumb Code    48  uart1.o(i.TASK_MSG_HANDLE_Uart1)
    TASK_Uart1                               0x08002511   Thumb Code     8  uart1.o(i.TASK_Uart1)
    TasksStaticCreate                        0x08002519   Thumb Code   134  resourceconfig.o(i.TasksStaticCreate)
    USART1_IRQHandler                        0x080027b9   Thumb Code     6  usart.o(i.USART1_IRQHandler)
    USART1_ManageProc                        0x080027c5   Thumb Code    60  usart.o(i.USART1_ManageProc)
    Uart1_RxIntHandle                        0x08002809   Thumb Code    14  usart.o(i.Uart1_RxIntHandle)
    Uart1_TxIntHandle                        0x0800281d   Thumb Code     2  usart.o(i.Uart1_TxIntHandle)
    UsageFault_Handler                       0x0800281f   Thumb Code     2  stm32f4xx_it.o(i.UsageFault_Handler)
    cycleTaskInit                            0x08002821   Thumb Code    26  cychdr.o(i.cycleTaskInit)
    cycleTaskTick                            0x08002841   Thumb Code    62  cychdr.o(i.cycleTaskTick)
    enableCycleEvent                         0x08002885   Thumb Code    32  cychdr.o(i.enableCycleEvent)
    fifo_GetFreeSpace                        0x080028a9   Thumb Code    16  fifo.o(i.fifo_GetFreeSpace)
    fifo_GetLen                              0x080028b9   Thumb Code    10  fifo.o(i.fifo_GetLen)
    fifo_Init                                0x080028c3   Thumb Code    48  fifo.o(i.fifo_Init)
    fifo_insert                              0x080028f3   Thumb Code    74  fifo.o(i.fifo_insert)
    fifo_retrieve                            0x0800293d   Thumb Code    72  fifo.o(i.fifo_retrieve)
    fputc                                    0x08002985   Thumb Code    26  fputc.o(i.fputc)
    main                                     0x080029a1   Thumb Code    36  main.o(i.main)
    pvPortMalloc                             0x08002f75   Thumb Code   214  heap_4.o(i.pvPortMalloc)
    pxPortInitialiseStack                    0x08003089   Thumb Code    40  port.o(i.pxPortInitialiseStack)
    uart1_init                               0x080030b5   Thumb Code    62  usart.o(i.uart1_init)
    uxListRemove                             0x08003101   Thumb Code    36  list.o(i.uxListRemove)
    vApplicationGetIdleTaskMemory            0x08003125   Thumb Code    16  os.o(i.vApplicationGetIdleTaskMemory)
    vApplicationTickHook                     0x08003139   Thumb Code    24  cychdr.o(i.vApplicationTickHook)
    vListInitialise                          0x08003155   Thumb Code    22  list.o(i.vListInitialise)
    vListInitialiseItem                      0x0800316b   Thumb Code     6  list.o(i.vListInitialiseItem)
    vListInsert                              0x08003171   Thumb Code    48  list.o(i.vListInsert)
    vListInsertEnd                           0x080031a1   Thumb Code    24  list.o(i.vListInsertEnd)
    vPortEnterCritical                       0x080031b9   Thumb Code    50  port.o(i.vPortEnterCritical)
    vPortExitCritical                        0x08003231   Thumb Code    34  port.o(i.vPortExitCritical)
    vPortFree                                0x08003295   Thumb Code    94  heap_4.o(i.vPortFree)
    vPortSetupTimerInterrupt                 0x08003331   Thumb Code    26  port.o(i.vPortSetupTimerInterrupt)
    vQueueAddToRegistry                      0x08003351   Thumb Code    32  queue.o(i.vQueueAddToRegistry)
    vTaskMissedYield                         0x08003375   Thumb Code     8  tasks.o(i.vTaskMissedYield)
    vTaskPlaceOnEventList                    0x08003381   Thumb Code    44  tasks.o(i.vTaskPlaceOnEventList)
    vTaskSetTimeOutState                     0x080033d9   Thumb Code    30  tasks.o(i.vTaskSetTimeOutState)
    vTaskStartScheduler                      0x08003425   Thumb Code    90  tasks.o(i.vTaskStartScheduler)
    vTaskSuspendAll                          0x08003491   Thumb Code    10  tasks.o(i.vTaskSuspendAll)
    vTaskSwitchContext                       0x080034a1   Thumb Code    80  tasks.o(i.vTaskSwitchContext)
    xPortStartScheduler                      0x08003521   Thumb Code   196  port.o(i.xPortStartScheduler)
    xPortSysTickHandler                      0x08003635   Thumb Code    38  port.o(i.xPortSysTickHandler)
    xQueueCreateCountingSemaphoreStatic      0x08003661   Thumb Code    62  queue.o(i.xQueueCreateCountingSemaphoreStatic)
    xQueueCreateMutexStatic                  0x080036c9   Thumb Code    26  queue.o(i.xQueueCreateMutexStatic)
    xQueueGenericCreateStatic                0x080036e5   Thumb Code   100  queue.o(i.xQueueGenericCreateStatic)
    xQueueGenericReset                       0x08003771   Thumb Code   128  queue.o(i.xQueueGenericReset)
    xQueueGenericSend                        0x0800381d   Thumb Code   350  queue.o(i.xQueueGenericSend)
    xTaskCheckForTimeOut                     0x080039a9   Thumb Code    94  tasks.o(i.xTaskCheckForTimeOut)
    xTaskCreateStatic                        0x08003a35   Thumb Code   102  tasks.o(i.xTaskCreateStatic)
    xTaskGenericNotify                       0x08003ac5   Thumb Code   184  tasks.o(i.xTaskGenericNotify)
    xTaskGetCurrentTaskHandle                0x08003bb1   Thumb Code     6  tasks.o(i.xTaskGetCurrentTaskHandle)
    xTaskGetSchedulerState                   0x08003bbd   Thumb Code    22  tasks.o(i.xTaskGetSchedulerState)
    xTaskIncrementTick                       0x08003bd9   Thumb Code   198  tasks.o(i.xTaskIncrementTick)
    xTaskNotifyWait                          0x08003cd1   Thumb Code   130  tasks.o(i.xTaskNotifyWait)
    xTaskPriorityDisinherit                  0x08003d5d   Thumb Code   136  tasks.o(i.xTaskPriorityDisinherit)
    xTaskRemoveFromEventList                 0x08003e15   Thumb Code   102  tasks.o(i.xTaskRemoveFromEventList)
    xTaskResumeAll                           0x08003eb1   Thumb Code   180  tasks.o(i.xTaskResumeAll)
    _fp_init                                 0x08003f99   Thumb Code    10  fpinit.o(x$fpl$fpinit)
    __fplib_config_fpu_vfp                   0x08003fa1   Thumb Code     0  fpinit.o(x$fpl$fpinit)
    __fplib_config_pureend_doubles           0x08003fa1   Thumb Code     0  fpinit.o(x$fpl$fpinit)
    APBAHBPrescTable                         0x08003fa2   Data          16  stm32f4xx_hal_rcc.o(.constdata)
    Gpio_InitConfigArr                       0x08003fb4   Data         336  gpiocfg.o(.constdata)
    IoTable                                  0x08004104   Data         112  gpiocfg.o(.constdata)
    Irq_Config                               0x08004174   Data           9  irq.o(.constdata)
    __stdin_name                             0x0800417d   Data           4  sys_io.o(.constdata)
    __stdout_name                            0x08004181   Data           4  sys_io.o(.constdata)
    __stderr_name                            0x08004185   Data           4  sys_io.o(.constdata)
    Region$$Table$$Base                      0x0800418c   Number         0  anon$$obj.o(Region$$Table)
    Region$$Table$$Limit                     0x080041ac   Number         0  anon$$obj.o(Region$$Table)
    SystemCoreClock                          0x20000004   Data           4  system_stm32f4xx.o(.data)
    AHBPrescTable                            0x20000008   Data          16  system_stm32f4xx.o(.data)
    pxCurrentTCB                             0x20000018   Data           4  tasks.o(.data)
    __aeabi_stdin                            0x200000ac   Data           4  stdio_streams.o(.data)
    __aeabi_stdout                           0x200000b0   Data           4  stdio_streams.o(.data)
    __aeabi_stderr                           0x200000b4   Data           4  stdio_streams.o(.data)
    Uart1_RxDataBuffer                       0x200000c8   Data         512  usart.o(.bss)
    Uart1_CurrentRxBuf                       0x200002c8   Data         256  usart.o(.bss)
    UART1_Handler                            0x200003c8   Data          76  usart.o(.bss)
    xQueueRegistry                           0x20000414   Data          64  queue.o(.bss)
    SemphrTbl                                0x2000c19c   Data          16  resourceconfig.o(.bss)
    TaskList                                 0x2000c2fc   Data          20  resourceconfig.o(.bss)
    TaskDataQueueTbl                         0x2000d3d4   Data          32  resourceconfig.o(.bss)
    TaskMailBoxTbl                           0x2000d3f4   Data         100  resourceconfig.o(.bss)
    __stdin                                  0x2000d458   Data          84  stdio_streams.o(.bss)
    __stdout                                 0x2000d4ac   Data          84  stdio_streams.o(.bss)
    __stderr                                 0x2000d500   Data          84  stdio_streams.o(.bss)
    __libspace_start                         0x2000d554   Data          96  libspace.o(.bss)
    __temporary_stack_top$libspace           0x2000d5b4   Data           0  libspace.o(.bss)



==============================================================================

Memory Map of the image

  Image Entry point : 0x080001ad

  Load Region LR_IROM1 (Base: 0x08000000, Size: 0x00004264, Max: 0x00100000, ABSOLUTE)

    Execution Region ER_IROM1 (Base: 0x08000000, Size: 0x000041ac, Max: 0x00100000, ABSOLUTE)

    Base Addr    Size         Type   Attr      Idx    E Section Name        Object

    0x08000000   0x000001ac   Data   RO         8727    RESET               startup_stm32f429xx.o
    0x080001ac   0x00000008   Code   RO        10433  * !!!main             c_w.l(__main.o)
    0x080001b4   0x00000034   Code   RO        10790    !!!scatter          c_w.l(__scatter.o)
    0x080001e8   0x0000001a   Code   RO        10792    !!handler_copy      c_w.l(__scatter_copy.o)
    0x08000202   0x00000002   PAD
    0x08000204   0x0000001c   Code   RO        10794    !!handler_zi        c_w.l(__scatter_zi.o)
    0x08000220   0x00000000   Code   RO        10416    .ARM.Collect$$_printf_percent$$00000000  c_w.l(_printf_percent.o)
    0x08000220   0x00000006   Code   RO        10414    .ARM.Collect$$_printf_percent$$00000009  c_w.l(_printf_d.o)
    0x08000226   0x00000006   Code   RO        10413    .ARM.Collect$$_printf_percent$$00000014  c_w.l(_printf_s.o)
    0x0800022c   0x00000004   Code   RO        10450    .ARM.Collect$$_printf_percent$$00000017  c_w.l(_printf_percent_end.o)
    0x08000230   0x00000002   Code   RO        10583    .ARM.Collect$$libinit$$00000000  c_w.l(libinit.o)
    0x08000232   0x00000004   Code   RO        10584    .ARM.Collect$$libinit$$00000001  c_w.l(libinit2.o)
    0x08000236   0x00000000   Code   RO        10587    .ARM.Collect$$libinit$$00000004  c_w.l(libinit2.o)
    0x08000236   0x00000008   Code   RO        10588    .ARM.Collect$$libinit$$00000005  c_w.l(libinit2.o)
    0x0800023e   0x00000000   Code   RO        10590    .ARM.Collect$$libinit$$0000000A  c_w.l(libinit2.o)
    0x0800023e   0x00000000   Code   RO        10592    .ARM.Collect$$libinit$$0000000C  c_w.l(libinit2.o)
    0x0800023e   0x00000000   Code   RO        10594    .ARM.Collect$$libinit$$0000000E  c_w.l(libinit2.o)
    0x0800023e   0x00000000   Code   RO        10597    .ARM.Collect$$libinit$$00000011  c_w.l(libinit2.o)
    0x0800023e   0x00000000   Code   RO        10599    .ARM.Collect$$libinit$$00000013  c_w.l(libinit2.o)
    0x0800023e   0x00000000   Code   RO        10601    .ARM.Collect$$libinit$$00000015  c_w.l(libinit2.o)
    0x0800023e   0x00000000   Code   RO        10603    .ARM.Collect$$libinit$$00000017  c_w.l(libinit2.o)
    0x0800023e   0x00000000   Code   RO        10605    .ARM.Collect$$libinit$$00000019  c_w.l(libinit2.o)
    0x0800023e   0x00000000   Code   RO        10607    .ARM.Collect$$libinit$$0000001B  c_w.l(libinit2.o)
    0x0800023e   0x00000000   Code   RO        10609    .ARM.Collect$$libinit$$0000001D  c_w.l(libinit2.o)
    0x0800023e   0x00000000   Code   RO        10611    .ARM.Collect$$libinit$$0000001F  c_w.l(libinit2.o)
    0x0800023e   0x00000000   Code   RO        10613    .ARM.Collect$$libinit$$00000021  c_w.l(libinit2.o)
    0x0800023e   0x00000000   Code   RO        10615    .ARM.Collect$$libinit$$00000023  c_w.l(libinit2.o)
    0x0800023e   0x00000004   Code   RO        10616    .ARM.Collect$$libinit$$00000024  c_w.l(libinit2.o)
    0x08000242   0x00000000   Code   RO        10617    .ARM.Collect$$libinit$$00000025  c_w.l(libinit2.o)
    0x08000242   0x00000000   Code   RO        10621    .ARM.Collect$$libinit$$0000002C  c_w.l(libinit2.o)
    0x08000242   0x00000000   Code   RO        10623    .ARM.Collect$$libinit$$0000002E  c_w.l(libinit2.o)
    0x08000242   0x00000000   Code   RO        10625    .ARM.Collect$$libinit$$00000030  c_w.l(libinit2.o)
    0x08000242   0x00000000   Code   RO        10627    .ARM.Collect$$libinit$$00000032  c_w.l(libinit2.o)
    0x08000242   0x00000002   Code   RO        10628    .ARM.Collect$$libinit$$00000033  c_w.l(libinit2.o)
    0x08000244   0x00000002   Code   RO        10771    .ARM.Collect$$libshutdown$$00000000  c_w.l(libshutdown.o)
    0x08000246   0x00000000   Code   RO        10630    .ARM.Collect$$libshutdown$$00000002  c_w.l(libshutdown2.o)
    0x08000246   0x00000004   Code   RO        10631    .ARM.Collect$$libshutdown$$00000003  c_w.l(libshutdown2.o)
    0x0800024a   0x00000000   Code   RO        10632    .ARM.Collect$$libshutdown$$00000004  c_w.l(libshutdown2.o)
    0x0800024a   0x00000000   Code   RO        10635    .ARM.Collect$$libshutdown$$00000007  c_w.l(libshutdown2.o)
    0x0800024a   0x00000000   Code   RO        10638    .ARM.Collect$$libshutdown$$0000000A  c_w.l(libshutdown2.o)
    0x0800024a   0x00000000   Code   RO        10640    .ARM.Collect$$libshutdown$$0000000C  c_w.l(libshutdown2.o)
    0x0800024a   0x00000000   Code   RO        10643    .ARM.Collect$$libshutdown$$0000000F  c_w.l(libshutdown2.o)
    0x0800024a   0x00000002   Code   RO        10644    .ARM.Collect$$libshutdown$$00000010  c_w.l(libshutdown2.o)
    0x0800024c   0x00000000   Code   RO        10435    .ARM.Collect$$rtentry$$00000000  c_w.l(__rtentry.o)
    0x0800024c   0x00000000   Code   RO        10458    .ARM.Collect$$rtentry$$00000002  c_w.l(__rtentry2.o)
    0x0800024c   0x00000006   Code   RO        10470    .ARM.Collect$$rtentry$$00000004  c_w.l(__rtentry4.o)
    0x08000252   0x00000000   Code   RO        10460    .ARM.Collect$$rtentry$$00000009  c_w.l(__rtentry2.o)
    0x08000252   0x00000004   Code   RO        10461    .ARM.Collect$$rtentry$$0000000A  c_w.l(__rtentry2.o)
    0x08000256   0x00000000   Code   RO        10463    .ARM.Collect$$rtentry$$0000000C  c_w.l(__rtentry2.o)
    0x08000256   0x00000008   Code   RO        10464    .ARM.Collect$$rtentry$$0000000D  c_w.l(__rtentry2.o)
    0x0800025e   0x00000002   Code   RO        10653    .ARM.Collect$$rtexit$$00000000  c_w.l(rtexit.o)
    0x08000260   0x00000000   Code   RO        10709    .ARM.Collect$$rtexit$$00000002  c_w.l(rtexit2.o)
    0x08000260   0x00000004   Code   RO        10710    .ARM.Collect$$rtexit$$00000003  c_w.l(rtexit2.o)
    0x08000264   0x00000006   Code   RO        10711    .ARM.Collect$$rtexit$$00000004  c_w.l(rtexit2.o)
    0x0800026a   0x00000002   PAD
    0x0800026c   0x000000b6   Code   RO         9839    .emb_text           port.o
    0x08000322   0x00000002   PAD
    0x08000324   0x00000000   Code   RO        10715    .emb_text           c_w.l(maybetermalloc1.o)
    0x08000324   0x00000040   Code   RO         8728    .text               startup_stm32f429xx.o
    0x08000364   0x00000018   Code   RO        10382    .text               c_w.l(noretval__2printf.o)
    0x0800037c   0x00000068   Code   RO        10386    .text               c_w.l(__printf.o)
    0x080003e4   0x00000052   Code   RO        10388    .text               c_w.l(_printf_str.o)
    0x08000436   0x00000002   PAD
    0x08000438   0x00000078   Code   RO        10390    .text               c_w.l(_printf_dec.o)
    0x080004b0   0x0000003e   Code   RO        10419    .text               c_w.l(strlen.o)
    0x080004ee   0x0000008a   Code   RO        10421    .text               c_w.l(rt_memcpy_v6.o)
    0x08000578   0x00000064   Code   RO        10423    .text               c_w.l(rt_memcpy_w.o)
    0x080005dc   0x00000010   Code   RO        10425    .text               c_w.l(aeabi_memset.o)
    0x080005ec   0x00000044   Code   RO        10427    .text               c_w.l(rt_memclr.o)
    0x08000630   0x0000004e   Code   RO        10429    .text               c_w.l(rt_memclr_w.o)
    0x0800067e   0x00000006   Code   RO        10431    .text               c_w.l(heapauxi.o)
    0x08000684   0x000000b2   Code   RO        10440    .text               c_w.l(_printf_intcommon.o)
    0x08000736   0x00000002   PAD
    0x08000738   0x00000030   Code   RO        10442    .text               c_w.l(_printf_char_common.o)
    0x08000768   0x0000002c   Code   RO        10446    .text               c_w.l(_printf_char.o)
    0x08000794   0x00000024   Code   RO        10448    .text               c_w.l(_printf_char_file.o)
    0x080007b8   0x00000008   Code   RO        10476    .text               c_w.l(ferror.o)
    0x080007c0   0x00000138   Code   RO        10482    .text               c_w.l(initio.o)
    0x080008f8   0x00000066   Code   RO        10490    .text               c_w.l(sys_io.o)
    0x0800095e   0x0000004a   Code   RO        10497    .text               c_w.l(sys_stackheap_outer.o)
    0x080009a8   0x0000004e   Code   RO        10501    .text               c_w.l(h1_free.o)
    0x080009f6   0x000001d6   Code   RO        10555    .text               c_w.l(flsbuf.o)
    0x08000bcc   0x00000046   Code   RO        10557    .text               c_w.l(setvbuf.o)
    0x08000c12   0x00000002   PAD
    0x08000c14   0x000000ec   Code   RO        10560    .text               c_w.l(fopen.o)
    0x08000d00   0x0000004c   Code   RO        10562    .text               c_w.l(fclose.o)
    0x08000d4c   0x00000012   Code   RO        10568    .text               c_w.l(exit.o)
    0x08000d5e   0x0000000e   Code   RO        10574    .text               c_w.l(defsig_rtred_outer.o)
    0x08000d6c   0x00000008   Code   RO        10647    .text               c_w.l(libspace.o)
    0x08000d74   0x00000002   Code   RO        10650    .text               c_w.l(use_no_semi.o)
    0x08000d76   0x00000000   Code   RO        10652    .text               c_w.l(indicate_semi.o)
    0x08000d76   0x00000002   PAD
    0x08000d78   0x00000008   Code   RO        10660    .text               c_w.l(rt_heap_descriptor_intlibspace.o)
    0x08000d80   0x00000004   Code   RO        10662    .text               c_w.l(hguard.o)
    0x08000d84   0x0000008a   Code   RO        10664    .text               c_w.l(init_alloc.o)
    0x08000e0e   0x0000005e   Code   RO        10670    .text               c_w.l(h1_alloc.o)
    0x08000e6c   0x000000f8   Code   RO        10686    .text               c_w.l(fseek.o)
    0x08000f64   0x000000f0   Code   RO        10688    .text               c_w.l(stdio.o)
    0x08001054   0x0000000a   Code   RO        10694    .text               c_w.l(defsig_exit.o)
    0x0800105e   0x00000002   PAD
    0x08001060   0x00000034   Code   RO        10698    .text               c_w.l(defsig_rtred_inner.o)
    0x08001094   0x0000000c   Code   RO        10706    .text               c_w.l(sys_exit.o)
    0x080010a0   0x0000000e   Code   RO        10717    .text               c_w.l(h1_init.o)
    0x080010ae   0x00000034   Code   RO        10719    .text               c_w.l(h1_extend.o)
    0x080010e2   0x00000042   Code   RO        10729    .text               c_w.l(ftell.o)
    0x08001124   0x00000032   Code   RO        10737    .text               c_w.l(defsig_general.o)
    0x08001156   0x0000000e   Code   RO        10739    .text               c_w.l(defsig_rtmem_outer.o)
    0x08001164   0x0000000e   Code   RO        10752    .text               c_w.l(sys_wrch.o)
    0x08001172   0x00000002   PAD
    0x08001174   0x00000008   Code   RO        10759    .text               c_w.l(rt_errno_addr_intlibspace.o)
    0x0800117c   0x00000050   Code   RO        10765    .text               c_w.l(defsig_rtmem_inner.o)
    0x080011cc   0x00000002   Code   RO         8735    i.BusFault_Handler  stm32f4xx_it.o
    0x080011ce   0x00000002   PAD
    0x080011d0   0x000000dc   Code   RO          528    i.Clock_Init        sys.o
    0x080012ac   0x000000b8   Code   RO        10197    i.DataQueueCreateStatic  resourceconfig.o
    0x08001364   0x00000002   Code   RO         8736    i.DebugMon_Handler  stm32f4xx_it.o
    0x08001366   0x00000002   PAD
    0x08001368   0x00000020   Code   RO         9967    i.EvtGroupsNotifyTask  os.o
    0x08001388   0x00000022   Code   RO         9969    i.EvtGroupsWaitBits  os.o
    0x080013aa   0x00000002   PAD
    0x080013ac   0x00000018   Code   RO         8643    i.GPIO_Read         gpio.o
    0x080013c4   0x00000020   Code   RO         8644    i.GPIO_Write        gpio.o
    0x080013e4   0x0000003c   Code   RO         8645    i.Gpio_Init         gpio.o
    0x08001420   0x000001dc   Code   RO         2667    i.HAL_GPIO_Init     stm32f4xx_hal_gpio.o
    0x080015fc   0x0000000a   Code   RO         2669    i.HAL_GPIO_ReadPin  stm32f4xx_hal_gpio.o
    0x08001606   0x0000000a   Code   RO         2671    i.HAL_GPIO_WritePin  stm32f4xx_hal_gpio.o
    0x08001610   0x0000000c   Code   RO          801    i.HAL_GetTick       stm32f4xx_hal.o
    0x0800161c   0x00000010   Code   RO          802    i.HAL_IncTick       stm32f4xx_hal.o
    0x0800162c   0x00000034   Code   RO          803    i.HAL_Init          stm32f4xx_hal.o
    0x08001660   0x00000022   Code   RO          804    i.HAL_InitTick      stm32f4xx_hal.o
    0x08001682   0x00000002   Code   RO         3974    i.HAL_MspInit       stm32f4xx_hal_msp_template.o
    0x08001684   0x00000016   Code   RO         1370    i.HAL_NVIC_EnableIRQ  stm32f4xx_hal_cortex.o
    0x0800169a   0x00000002   PAD
    0x0800169c   0x00000040   Code   RO         1376    i.HAL_NVIC_SetPriority  stm32f4xx_hal_cortex.o
    0x080016dc   0x00000024   Code   RO         1377    i.HAL_NVIC_SetPriorityGrouping  stm32f4xx_hal_cortex.o
    0x08001700   0x00000088   Code   RO         4746    i.HAL_PWREx_EnableOverDrive  stm32f4xx_hal_pwr_ex.o
    0x08001788   0x00000208   Code   RO         4831    i.HAL_RCC_ClockConfig  stm32f4xx_hal_rcc.o
    0x08001990   0x00000034   Code   RO         4836    i.HAL_RCC_GetHCLKFreq  stm32f4xx_hal_rcc.o
    0x080019c4   0x0000002c   Code   RO         4838    i.HAL_RCC_GetPCLK1Freq  stm32f4xx_hal_rcc.o
    0x080019f0   0x0000002c   Code   RO         4839    i.HAL_RCC_GetPCLK2Freq  stm32f4xx_hal_rcc.o
    0x08001a1c   0x00000074   Code   RO         4840    i.HAL_RCC_GetSysClockFreq  stm32f4xx_hal_rcc.o
    0x08001a90   0x0000031c   Code   RO         4843    i.HAL_RCC_OscConfig  stm32f4xx_hal_rcc.o
    0x08001dac   0x00000028   Code   RO         1381    i.HAL_SYSTICK_Config  stm32f4xx_hal_cortex.o
    0x08001dd4   0x00000002   Code   RO         7524    i.HAL_UART_ErrorCallback  stm32f4xx_hal_uart.o
    0x08001dd6   0x000000fc   Code   RO         7527    i.HAL_UART_IRQHandler  stm32f4xx_hal_uart.o
    0x08001ed2   0x0000005e   Code   RO         7528    i.HAL_UART_Init     stm32f4xx_hal_uart.o
    0x08001f30   0x00000002   Code   RO          711    i.HAL_UART_MspInit  usart.o
    0x08001f32   0x0000005a   Code   RO         7533    i.HAL_UART_Receive_IT  stm32f4xx_hal_uart.o
    0x08001f8c   0x00000002   Code   RO         7539    i.HAL_UART_TxCpltCallback  stm32f4xx_hal_uart.o
    0x08001f8e   0x00000002   Code   RO         8737    i.HardFault_Handler  stm32f4xx_it.o
    0x08001f90   0x00000024   Code   RO         8687    i.IRQ_Init          irq.o
    0x08001fb4   0x00000014   Code   RO        10198    i.InitOS            resourceconfig.o
    0x08001fc8   0x00000012   Code   RO         8688    i.Irq_EnableVector  irq.o
    0x08001fda   0x00000002   PAD
    0x08001fdc   0x00000014   Code   RO         9840    i.IsIsrContext      port.o
    0x08001ff0   0x00000090   Code   RO          323    i.Key_ManageProc    key.o
    0x08002080   0x00000002   Code   RO         8738    i.MemManage_Handler  stm32f4xx_it.o
    0x08002082   0x00000002   Code   RO         8739    i.NMI_Handler       stm32f4xx_it.o
    0x08002084   0x00000020   Code   RO         1383    i.NVIC_SetPriority  stm32f4xx_hal_cortex.o
    0x080020a4   0x00000044   Code   RO         9970    i.OS_FreeMailBoxMemory  os.o
    0x080020e8   0x00000042   Code   RO         9972    i.OS_MQSend         os.o
    0x0800212a   0x00000028   Code   RO         9973    i.OS_ReceiveMailbox  os.o
    0x08002152   0x00000002   PAD
    0x08002154   0x0000002c   Code   RO         9974    i.OS_ReceiveMailboxInternal  os.o
    0x08002180   0x00000084   Code   RO         9975    i.OS_SendMailbox    os.o
    0x08002204   0x0000000c   Code   RO         9976    i.Os_EventSendTask  os.o
    0x08002210   0x0000004c   Code   RO        10199    i.SemphrCreateStatic  resourceconfig.o
    0x0800225c   0x0000000a   Code   RO          388    i.SendMsgToLed      led.o
    0x08002266   0x00000010   Code   RO          389    i.Set_Led0          led.o
    0x08002276   0x00000004   Code   RO         9991    i.StartOS           os.o
    0x0800227a   0x00000016   Code   RO          529    i.SysTick_Handler   sys.o
    0x08002290   0x00000078   Code   RO          530    i.SystemClock_Init  sys.o
    0x08002308   0x00000054   Code   RO         8796    i.SystemInit        system_stm32f4xx.o
    0x0800235c   0x00000014   Code   RO          390    i.TASK_INIT_Led     led.o
    0x08002370   0x0000001c   Code   RO            5    i.TASK_INIT_Uart1   uart1.o
    0x0800238c   0x0000000a   Code   RO          326    i.TASK_Key          key.o
    0x08002396   0x0000000a   Code   RO          476    i.TASK_Lcd          lcd.o
    0x080023a0   0x00000008   Code   RO          391    i.TASK_Led          led.o
    0x080023a8   0x0000001c   Code   RO          327    i.TASK_MAIN_Key     key.o
    0x080023c4   0x00000012   Code   RO          477    i.TASK_MAIN_Lcd     lcd.o
    0x080023d6   0x00000012   Code   RO          392    i.TASK_MAIN_Led     led.o
    0x080023e8   0x0000001e   Code   RO            6    i.TASK_MAIN_Uart1   uart1.o
    0x08002406   0x00000002   PAD
    0x08002408   0x00000034   Code   RO          328    i.TASK_MSG_HANDLE_Key  key.o
    0x0800243c   0x00000034   Code   RO          478    i.TASK_MSG_HANDLE_Lcd  lcd.o
    0x08002470   0x0000006c   Code   RO          393    i.TASK_MSG_HANDLE_Led  led.o
    0x080024dc   0x00000034   Code   RO            7    i.TASK_MSG_HANDLE_Uart1  uart1.o
    0x08002510   0x00000008   Code   RO            8    i.TASK_Uart1        uart1.o
    0x08002518   0x000000c4   Code   RO        10200    i.TasksStaticCreate  resourceconfig.o
    0x080025dc   0x00000174   Code   RO         7546    i.UART_SetConfig    stm32f4xx_hal_uart.o
    0x08002750   0x00000066   Code   RO         7547    i.UART_Transmit_IT  stm32f4xx_hal_uart.o
    0x080027b6   0x00000002   PAD
    0x080027b8   0x0000000c   Code   RO          712    i.USART1_IRQHandler  usart.o
    0x080027c4   0x00000044   Code   RO          713    i.USART1_ManageProc  usart.o
    0x08002808   0x00000014   Code   RO          716    i.Uart1_RxIntHandle  usart.o
    0x0800281c   0x00000002   Code   RO          717    i.Uart1_TxIntHandle  usart.o
    0x0800281e   0x00000002   Code   RO         8740    i.UsageFault_Handler  stm32f4xx_it.o
    0x08002820   0x00000020   Code   RO        10324    i.cycleTaskInit     cychdr.o
    0x08002840   0x00000044   Code   RO        10325    i.cycleTaskTick     cychdr.o
    0x08002884   0x00000024   Code   RO        10327    i.enableCycleEvent  cychdr.o
    0x080028a8   0x00000010   Code   RO        10251    i.fifo_GetFreeSpace  fifo.o
    0x080028b8   0x0000000a   Code   RO        10252    i.fifo_GetLen       fifo.o
    0x080028c2   0x00000030   Code   RO        10253    i.fifo_Init         fifo.o
    0x080028f2   0x0000004a   Code   RO        10256    i.fifo_insert       fifo.o
    0x0800293c   0x00000048   Code   RO        10257    i.fifo_retrieve     fifo.o
    0x08002984   0x0000001a   Code   RO        10479    i.fputc             c_w.l(fputc.o)
    0x0800299e   0x00000002   PAD
    0x080029a0   0x00000028   Code   RO         9940    i.main              main.o
    0x080029c8   0x00000070   Code   RO         9404    i.prvAddCurrentTaskToDelayedList  tasks.o
    0x08002a38   0x000000d0   Code   RO         9405    i.prvAddNewTaskToReadyList  tasks.o
    0x08002b08   0x00000054   Code   RO         9406    i.prvCheckTasksWaitingTermination  tasks.o
    0x08002b5c   0x0000006c   Code   RO         9147    i.prvCopyDataToQueue  queue.o
    0x08002bc8   0x0000005c   Code   RO         9407    i.prvDeleteTCB      tasks.o
    0x08002c24   0x0000004c   Code   RO         9778    i.prvHeapInit       heap_4.o
    0x08002c70   0x00000028   Code   RO         9408    i.prvIdleTask       tasks.o
    0x08002c98   0x00000016   Code   RO         9148    i.prvInitialiseMutex  queue.o
    0x08002cae   0x00000024   Code   RO         9149    i.prvInitialiseNewQueue  queue.o
    0x08002cd2   0x00000002   PAD
    0x08002cd4   0x000000c4   Code   RO         9409    i.prvInitialiseNewTask  tasks.o
    0x08002d98   0x0000004c   Code   RO         9779    i.prvInsertBlockIntoFreeList  heap_4.o
    0x08002de4   0x00000094   Code   RO         9151    i.prvNotifyQueueSetContainer  queue.o
    0x08002e78   0x00000020   Code   RO         9411    i.prvResetNextTaskUnblockTime  tasks.o
    0x08002e98   0x00000064   Code   RO         9841    i.prvTaskExitError  port.o
    0x08002efc   0x00000078   Code   RO         9152    i.prvUnlockQueue    queue.o
    0x08002f74   0x00000114   Code   RO         9780    i.pvPortMalloc      heap_4.o
    0x08003088   0x0000002c   Code   RO         9842    i.pxPortInitialiseStack  port.o
    0x080030b4   0x0000004c   Code   RO          718    i.uart1_init        usart.o
    0x08003100   0x00000024   Code   RO         9097    i.uxListRemove      list.o
    0x08003124   0x00000014   Code   RO         9993    i.vApplicationGetIdleTaskMemory  os.o
    0x08003138   0x0000001c   Code   RO        10328    i.vApplicationTickHook  cychdr.o
    0x08003154   0x00000016   Code   RO         9098    i.vListInitialise   list.o
    0x0800316a   0x00000006   Code   RO         9099    i.vListInitialiseItem  list.o
    0x08003170   0x00000030   Code   RO         9100    i.vListInsert       list.o
    0x080031a0   0x00000018   Code   RO         9101    i.vListInsertEnd    list.o
    0x080031b8   0x00000078   Code   RO         9844    i.vPortEnterCritical  port.o
    0x08003230   0x00000064   Code   RO         9845    i.vPortExitCritical  port.o
    0x08003294   0x0000009c   Code   RO         9781    i.vPortFree         heap_4.o
    0x08003330   0x00000020   Code   RO         9846    i.vPortSetupTimerInterrupt  port.o
    0x08003350   0x00000024   Code   RO         9158    i.vQueueAddToRegistry  queue.o
    0x08003374   0x0000000c   Code   RO         9427    i.vTaskMissedYield  tasks.o
    0x08003380   0x00000058   Code   RO         9429    i.vTaskPlaceOnEventList  tasks.o
    0x080033d8   0x0000004c   Code   RO         9435    i.vTaskSetTimeOutState  tasks.o
    0x08003424   0x0000006c   Code   RO         9436    i.vTaskStartScheduler  tasks.o
    0x08003490   0x00000010   Code   RO         9438    i.vTaskSuspendAll   tasks.o
    0x080034a0   0x00000080   Code   RO         9439    i.vTaskSwitchContext  tasks.o
    0x08003520   0x00000114   Code   RO         9849    i.xPortStartScheduler  port.o
    0x08003634   0x0000002c   Code   RO         9850    i.xPortSysTickHandler  port.o
    0x08003660   0x00000068   Code   RO         9164    i.xQueueCreateCountingSemaphoreStatic  queue.o
    0x080036c8   0x0000001a   Code   RO         9166    i.xQueueCreateMutexStatic  queue.o
    0x080036e2   0x00000002   PAD
    0x080036e4   0x0000008c   Code   RO         9169    i.xQueueGenericCreateStatic  queue.o
    0x08003770   0x000000ac   Code   RO         9171    i.xQueueGenericReset  queue.o
    0x0800381c   0x0000018c   Code   RO         9172    i.xQueueGenericSend  queue.o
    0x080039a8   0x0000008c   Code   RO         9440    i.xTaskCheckForTimeOut  tasks.o
    0x08003a34   0x00000090   Code   RO         9442    i.xTaskCreateStatic  tasks.o
    0x08003ac4   0x000000ec   Code   RO         9443    i.xTaskGenericNotify  tasks.o
    0x08003bb0   0x0000000c   Code   RO         9445    i.xTaskGetCurrentTaskHandle  tasks.o
    0x08003bbc   0x0000001c   Code   RO         9446    i.xTaskGetSchedulerState  tasks.o
    0x08003bd8   0x000000f8   Code   RO         9449    i.xTaskIncrementTick  tasks.o
    0x08003cd0   0x0000008c   Code   RO         9451    i.xTaskNotifyWait   tasks.o
    0x08003d5c   0x000000b8   Code   RO         9452    i.xTaskPriorityDisinherit  tasks.o
    0x08003e14   0x0000009c   Code   RO         9453    i.xTaskRemoveFromEventList  tasks.o
    0x08003eb0   0x000000e8   Code   RO         9455    i.xTaskResumeAll    tasks.o
    0x08003f98   0x0000000a   Code   RO        10704    x$fpl$fpinit        fz_wm.l(fpinit.o)
    0x08003fa2   0x00000010   Data   RO         4844    .constdata          stm32f4xx_hal_rcc.o
    0x08003fb2   0x00000002   PAD
    0x08003fb4   0x00000150   Data   RO         8617    .constdata          gpiocfg.o
    0x08004104   0x00000070   Data   RO         8618    .constdata          gpiocfg.o
    0x08004174   0x00000009   Data   RO         8689    .constdata          irq.o
    0x0800417d   0x00000004   Data   RO        10491    .constdata          c_w.l(sys_io.o)
    0x08004181   0x00000004   Data   RO        10492    .constdata          c_w.l(sys_io.o)
    0x08004185   0x00000004   Data   RO        10493    .constdata          c_w.l(sys_io.o)
    0x08004189   0x00000003   PAD
    0x0800418c   0x00000020   Data   RO        10788    Region$$Table       anon$$obj.o


    Execution Region RW_IRAM1 (Base: 0x20000000, Size: 0x0000dbb8, Max: 0x00030000, ABSOLUTE)

    Base Addr    Size         Type   Attr      Idx    E Section Name        Object

    0x20000000   0x00000004   Data   RW          809    .data               stm32f4xx_hal.o
    0x20000004   0x00000014   Data   RW         8797    .data               system_stm32f4xx.o
    0x20000018   0x0000003c   Data   RW         9458    .data               tasks.o
    0x20000054   0x00000018   Data   RW         9786    .data               heap_4.o
    0x2000006c   0x0000000c   Data   RW         9851    .data               port.o
    0x20000078   0x00000034   Data   RW        10329    .data               cychdr.o
    0x200000ac   0x00000004   Data   RW        10454    .data               c_w.l(stdio_streams.o)
    0x200000b0   0x00000004   Data   RW        10455    .data               c_w.l(stdio_streams.o)
    0x200000b4   0x00000004   Data   RW        10456    .data               c_w.l(stdio_streams.o)
    0x200000b8   0x0000035c   Zero   RW          719    .bss                usart.o
    0x20000414   0x00000040   Zero   RW         9185    .bss                queue.o
    0x20000454   0x000002e4   Zero   RW         9457    .bss                tasks.o
    0x20000738   0x0000b800   Zero   RW         9785    .bss                heap_4.o
    0x2000bf38   0x00000264   Zero   RW         9997    .bss                os.o
    0x2000c19c   0x000012bc   Zero   RW        10201    .bss                resourceconfig.o
    0x2000d458   0x00000054   Zero   RW        10451    .bss                c_w.l(stdio_streams.o)
    0x2000d4ac   0x00000054   Zero   RW        10452    .bss                c_w.l(stdio_streams.o)
    0x2000d500   0x00000054   Zero   RW        10453    .bss                c_w.l(stdio_streams.o)
    0x2000d554   0x00000060   Zero   RW        10648    .bss                c_w.l(libspace.o)
    0x2000d5b4   0x00000004   PAD
    0x2000d5b8   0x00000200   Zero   RW         8726    HEAP                startup_stm32f429xx.o
    0x2000d7b8   0x00000400   Zero   RW         8725    STACK               startup_stm32f429xx.o


==============================================================================

Image component sizes


      Code (inc. data)   RO Data    RW Data    ZI Data      Debug   Object Name

       164         20          0         52          0       2838   cychdr.o
         0          0          0          0          0      16180   event_groups.o
       220          0          0          0          0       3824   fifo.o
       116         12          0          0          0       2663   gpio.o
         0          0        448          0          0       1208   gpiocfg.o
       584        138          0         24      47104       4067   heap_4.o
        54          6          9          0          0       2043   irq.o
       234          4          0          0          0       3099   key.o
        80          4          0          0          0       3483   lcd.o
       180          6          0          0          0      27838   led.o
       136          0          0          0          0       3142   list.o
        40          4          0          0          0        515   main.o
       452         24          0          0        612      21824   os.o
       918        316          0         12          0      10807   port.o
      1308        216          0          0         64      10980   queue.o
       476         94          0          0       4796       4318   resourceconfig.o
        64         26        428          0       1536        840   startup_stm32f429xx.o
       114         16          0          4          0       3534   stm32f4xx_hal.o
       194         14          0          0          0      30251   stm32f4xx_hal_cortex.o
       496         54          0          0          0       3267   stm32f4xx_hal_gpio.o
         2          0          0          0          0        518   stm32f4xx_hal_msp_template.o
       136         14          0          0          0       1276   stm32f4xx_hal_pwr_ex.o
      1572         72         16          0          0       6267   stm32f4xx_hal_rcc.o
       914          8          0          0          0       5831   stm32f4xx_hal_uart.o
        12          0          0          0          0       2777   stm32f4xx_it.o
       362         14          0          0          0     100786   sys.o
        84         18          0         20          0       1097   system_stm32f4xx.o
      2712        672          0         60        740      35180   tasks.o
       118         12          0          0          0     389535   uart1.o
       180         34          0          0        860       4308   usart.o

    ----------------------------------------------------------------------
     11944       1798        935        172      55712     704296   Object Totals
         0          0         32          0          0          0   (incl. Generated)
        22          0          2          0          0          0   (incl. Padding)

    ----------------------------------------------------------------------

      Code (inc. data)   RO Data    RW Data    ZI Data      Debug   Library Member Name

         8          0          0          0          0         68   __main.o
       104          0          0          0          0         84   __printf.o
         0          0          0          0          0          0   __rtentry.o
        12          0          0          0          0          0   __rtentry2.o
         6          0          0          0          0          0   __rtentry4.o
        52          8          0          0          0          0   __scatter.o
        26          0          0          0          0          0   __scatter_copy.o
        28          0          0          0          0          0   __scatter_zi.o
        44          0          0          0          0        108   _printf_char.o
        48          6          0          0          0         96   _printf_char_common.o
        36          4          0          0          0         80   _printf_char_file.o
         6          0          0          0          0          0   _printf_d.o
       120         16          0          0          0         92   _printf_dec.o
       178          0          0          0          0         88   _printf_intcommon.o
         0          0          0          0          0          0   _printf_percent.o
         4          0          0          0          0          0   _printf_percent_end.o
         6          0          0          0          0          0   _printf_s.o
        82          0          0          0          0         80   _printf_str.o
        16          0          0          0          0         68   aeabi_memset.o
        10          0          0          0          0         68   defsig_exit.o
        50          0          0          0          0         88   defsig_general.o
        80         58          0          0          0         76   defsig_rtmem_inner.o
        14          0          0          0          0         80   defsig_rtmem_outer.o
        52         38          0          0          0         76   defsig_rtred_inner.o
        14          0          0          0          0         80   defsig_rtred_outer.o
        18          0          0          0          0         80   exit.o
        76          0          0          0          0         88   fclose.o
         8          0          0          0          0         68   ferror.o
       470          0          0          0          0         88   flsbuf.o
       236          4          0          0          0        128   fopen.o
        26          0          0          0          0         68   fputc.o
       248          6          0          0          0         84   fseek.o
        66          0          0          0          0         76   ftell.o
        94          0          0          0          0         80   h1_alloc.o
        52          0          0          0          0         68   h1_extend.o
        78          0          0          0          0         80   h1_free.o
        14          0          0          0          0         84   h1_init.o
         6          0          0          0          0        152   heapauxi.o
         4          0          0          0          0        136   hguard.o
         0          0          0          0          0          0   indicate_semi.o
       138          0          0          0          0        168   init_alloc.o
       312         46          0          0          0        112   initio.o
         2          0          0          0          0          0   libinit.o
        18          0          0          0          0          0   libinit2.o
         2          0          0          0          0          0   libshutdown.o
         6          0          0          0          0          0   libshutdown2.o
         8          4          0          0         96         68   libspace.o
         0          0          0          0          0          0   maybetermalloc1.o
        24          4          0          0          0         84   noretval__2printf.o
         8          4          0          0          0         68   rt_errno_addr_intlibspace.o
         8          4          0          0          0         68   rt_heap_descriptor_intlibspace.o
        68          0          0          0          0         68   rt_memclr.o
        78          0          0          0          0         80   rt_memclr_w.o
       138          0          0          0          0         68   rt_memcpy_v6.o
       100          0          0          0          0         80   rt_memcpy_w.o
         2          0          0          0          0          0   rtexit.o
        10          0          0          0          0          0   rtexit2.o
        70          0          0          0          0         80   setvbuf.o
       240          6          0          0          0        156   stdio.o
         0          0          0         12        252          0   stdio_streams.o
        62          0          0          0          0         76   strlen.o
        12          4          0          0          0         68   sys_exit.o
       102          0         12          0          0        240   sys_io.o
        74          0          0          0          0         80   sys_stackheap_outer.o
        14          0          0          0          0         76   sys_wrch.o
         2          0          0          0          0         68   use_no_semi.o
        10          0          0          0          0        116   fpinit.o

    ----------------------------------------------------------------------
      3918        212         15         12        352       4336   Library Totals
        18          0          3          0          4          0   (incl. Padding)

    ----------------------------------------------------------------------

      Code (inc. data)   RO Data    RW Data    ZI Data      Debug   Library Name

      3890        212         12         12        348       4220   c_w.l
        10          0          0          0          0        116   fz_wm.l

    ----------------------------------------------------------------------
      3918        212         15         12        352       4336   Library Totals

    ----------------------------------------------------------------------

==============================================================================


      Code (inc. data)   RO Data    RW Data    ZI Data      Debug   

     15862       2010        950        184      56064     692944   Grand Totals
     15862       2010        950        184      56064     692944   ELF Image Totals
     15862       2010        950        184          0          0   ROM Totals

==============================================================================

    Total RO  Size (Code + RO Data)                16812 (  16.42kB)
    Total RW  Size (RW Data + ZI Data)             56248 (  54.93kB)
    Total ROM Size (Code + RO Data + RW Data)      16996 (  16.60kB)

==============================================================================

